[2026-09-25 09:42:15Z INFO HostContext] No proxy settings were found based on environmental variables (http_proxy/https_proxy/HTTP_PROXY/HTTPS_PROXY)
[2026-09-25 09:42:15Z INFO HostContext] Well known directory 'Bin': 'C:\Users\Escatron\proyectoGit\bin'
[2026-09-25 09:42:15Z INFO HostContext] Well known directory 'Root': 'C:\Users\Escatron\proyectoGit'
[2026-09-25 09:42:15Z INFO HostContext] Well known config file 'Credentials': 'C:\Users\Escatron\proyectoGit\.credentials'
[2026-09-25 09:42:15Z INFO HostContext] Well known directory 'Bin': 'C:\Users\Escatron\proyectoGit\bin'
[2026-09-25 09:42:15Z INFO HostContext] Well known directory 'Root': 'C:\Users\Escatron\proyectoGit'
[2026-09-25 09:42:15Z INFO HostContext] Well known config file 'Runner': 'C:\Users\Escatron\proyectoGit\.runner'
[2026-09-25 09:42:15Z INFO Worker] Version: 2.337.0
[2026-09-25 09:42:15Z INFO Worker] Commit: 397b032cbf865e9c3ddfab89d533ec19325e1273
[2026-09-25 09:42:15Z INFO Worker] Culture: es-ES
[2026-09-25 09:42:15Z INFO Worker] UI Culture: es-ES
[2026-09-25 09:42:15Z INFO Worker] Waiting to receive the job message from the channel.
[2026-09-25 09:42:15Z INFO ProcessChannel] Receiving message of length 23311, with hash '5e22ad9bd8fb6025b5ec85f574df7eb58c5018e369f5ec70bd0cb223a5f9f19d'
[2026-09-25 09:42:15Z INFO Worker] Message received.
[2026-09-25 09:42:15Z INFO Worker] Job message:
 {
  "fileTable": [
    ".github/workflows/ci.yml"
  ],
  "mask": [
    {
      "type": "regex",
      "value": "***"
    },
    {
      "type": "regex",
      "value": "***"
    },
    {
      "type": "regex",
      "value": "***"
    },
    {
      "type": "regex",
      "value": "***"
    },
    {
      "type": "regex",
      "value": "***"
    },
    {
      "type": "regex",
      "value": "***"
    },
    {
      "type": "regex",
      "value": "***"
    },
    {
      "type": "regex",
      "value": "***"
    },
    {
      "type": "regex",
      "value": "***"
    },
    {
      "type": "regex",
      "value": "***"
    },
    {
      "type": "regex",
      "value": "***"
    },
    {
      "type": "regex",
      "value": "***"
    },
    {
      "type": "regex",
      "value": "***"
    },
    {
      "type": "regex",
      "value": "***"
    },
    {
      "type": "regex",
      "value": "***"
    },
    {
      "type": "regex",
      "value": "***"
    },
    {
      "type": "regex",
      "value": "***"
    },
    {
      "type": "regex",
      "value": "***"
    },
    {
      "type": "regex",
      "value": "***"
    },
    {
      "type": "regex",
      "value": "***"
    },
    {
      "type": "regex",
      "value": "***"
    },
    {
      "type": "regex",
      "value": "***"
    },
    {
      "type": "regex",
      "value": "***"
    },
    {
      "type": "regex",
      "value": "***"
    }
  ],
  "steps": [
    {
      "type": "action",
      "reference": {
        "type": "script"
      },
      "displayNameToken": {
        "type": 0,
        "file": 1,
        "line": 43,
        "col": 15,
        "lit": "Validar DEV_TOKEN"
      },
      "contextName": "__run",
      "inputs": {
        "type": 2,
        "map": [
          {
            "key": "script",
            "value": {
              "type": 3,
              "file": 1,
              "line": 45,
              "col": 14,
              "expr": "format('if [ \"$LOCAL_DEV_TOKEN\" = \"{0}\" ]; then\n  echo \"DEV_TOKEN válido\"\nelse\n  echo \"DEV_TOKEN no coincide\"\n  exit 1\nfi', secrets.DEV_TOKEN)"
            }
          },
          {
            "key": "shell",
            "value": {
              "type": 0,
              "file": 1,
              "line": 44,
              "col": 16,
              "lit": "bash"
            }
          }
        ]
      },
      "condition": "success()",
      "id": "6295a666-89ef-4d12-9c99-d7273b16878c",
      "name": "__run"
    }
  ],
  "variables": {
    "Actions.EnableHttpRedirects": {
      "value": "true"
    },
    "DEV_TOKEN": {
      "value": "***",
      "isSecret": true
    },
    "DistributedTask.AddWarningToNode12Action": {
      "value": "true"
    },
    "DistributedTask.AddWarningToNode16Action": {
      "value": "true"
    },
    "DistributedTask.AllowRunnerContainerHooks": {
      "value": "true"
    },
    "DistributedTask.DeprecateStepOutputCommands": {
      "value": "true"
    },
    "DistributedTask.DetailUntarFailure": {
      "value": "true"
    },
    "DistributedTask.EnableCompositeActions": {
      "value": "true"
    },
    "DistributedTask.EnableJobServerQueueTelemetry": {
      "value": "true"
    },
    "DistributedTask.EnhancedAnnotations": {
      "value": "true"
    },
    "DistributedTask.ForceGithubJavascriptActionsToNode16": {
      "value": "true"
    },
    "DistributedTask.ForceGithubJavascriptActionsToNode20": {
      "value": "true"
    },
    "DistributedTask.LogTemplateErrorsAsDebugMessages": {
      "value": "true"
    },
    "DistributedTask.MarkJobAsFailedOnWorkerCrash": {
      "value": "true"
    },
    "DistributedTask.NewActionMetadata": {
      "value": "true"
    },
    "DistributedTask.UploadStepSummary": {
      "value": "true"
    },
    "DistributedTask.UseActionArchiveCache": {
      "value": "true"
    },
    "DistributedTask.UseWhich2": {
      "value": "true"
    },
    "RunService.FixEmbeddedIssues": {
      "value": "true"
    },
    "actions.runner.requirenode24": {
      "value": "true"
    },
    "actions.runner.usenode24bydefault": {
      "value": "true"
    },
    "actions.runner.warnonnode20": {
      "value": "true"
    },
    "actions_add_check_run_id_to_job_context": {
      "value": "true"
    },
    "actions_batch_action_resolution": {
      "value": "false"
    },
    "actions_cache_mode": {
      "value": "write"
    },
    "actions_container_action_runner_temp": {
      "value": "true"
    },
    "actions_display_helpful_actions_download_errors": {
      "value": "true"
    },
    "actions_runner_allow_artifacts_file": {
      "value": "false"
    },
    "actions_runner_compare_workflow_parser": {
      "value": "false"
    },
    "actions_runner_deprecate_linux_arm32": {
      "value": "true"
    },
    "actions_runner_emit_composite_markers": {
      "value": "true"
    },
    "actions_runner_kill_linux_arm32": {
      "value": "false"
    },
    "actions_runner_node20_removal_date": {
      "value": "September 23rd, 2026"
    },
    "actions_runner_node24_default_date": {
      "value": "June 16th, 2026"
    },
    "actions_self_repository": {
      "value": "true"
    },
    "actions_service_container_command": {
      "value": "true"
    },
    "actions_set_orchestration_id_env_for_actions": {
      "value": "true"
    },
    "actions_skip_retry_complete_job_upon_known_errors": {
      "value": "true"
    },
    "actions_snapshot_preflight_hosted_runner_check": {
      "value": "false"
    },
    "actions_snapshot_preflight_image_gen_pool_check": {
      "value": "false"
    },
    "actions_use_bearer_token_for_codeload": {
      "value": "false"
    },
    "actions_uses_cache_service_v2": {
      "value": "true"
    },
    "github_token": {
      "value": "***",
      "isSecret": true
    },
    "system.from_run_service": {
      "value": "true"
    },
    "system.github.job": {
      "value": "validate-dev"
    },
    "system.github.launch_endpoint": {
      "value": "https://launch.actions.githubusercontent.com"
    },
    "system.github.results_endpoint": {
      "value": "https://results-receiver.actions.githubusercontent.com/"
    },
    "system.github.results_upload_with_sdk": {
      "value": "true"
    },
    "system.github.token": {
      "value": "***",
      "isSecret": true
    },
    "system.github.token.permissions": {
      "value": "{\"Contents\":\"write\",\"Metadata\":\"read\",\"PullRequests\":\"write\"}"
    },
    "system.orchestrationId": {
      "value": "f3d72571-f2cf-4db3-87d4-aecf83d1095f.validate-dev.__default"
    },
    "system.phaseDisplayName": {
      "value": "validate-dev"
    },
    "system.runner.lowdiskspacethreshold": {
      "value": "100"
    },
    "system.runnerEnvironment": {
      "value": "self-hosted"
    },
    "system.runnerGroupName": {
      "value": "Default"
    }
  },
  "messageType": "RunnerJobRequest",
  "plan": {
    "scopeIdentifier": "00000000-0000-0000-0000-000000000000",
    "planType": "actions",
    "version": 0,
    "planId": "f3d72571-f2cf-4db3-87d4-aecf83d1095f",
    "planGroup": null,
    "artifactUri": null,
    "artifactLocation": null,
    "definition": null,
    "owner": null
  },
  "timeline": {
    "id": "f3d72571-f2cf-4db3-87d4-aecf83d1095f",
    "changeId": 0,
    "location": null
  },
  "jobId": "6456618b-a856-5ed4-aacb-1aaca259e550",
  "jobDisplayName": "validate-dev",
  "jobName": "__default",
  "requestId": 0,
  "lockedUntil": "0001-01-01T00:00:00",
  "resources": {
    "endpoints": [
      {
        "data": {
          "ServerId": "",
          "ServerName": "",
          "CacheServerUrl": "https://artifactcache.actions.githubusercontent.com/kyX0Q5oVj5k2PcMDP7p0d7kkyN7x3im9oQx71AAQjhHJN181Yw/",
          "FeedStreamUrl": "wss://results-receiver.actions.githubusercontent.com/_ws/ingest.sock",
          "ResultsServiceUrl": "https://results-receiver.actions.githubusercontent.com/",
          "PipelinesServiceUrl": "https://pipelinesghubeus8.actions.githubusercontent.com/kyX0Q5oVj5k2PcMDP7p0d7kkyN7x3im9oQx71AAQjhHJN181Yw/",
          "GenerateIdTokenUrl": "https://run-actions-3-azure-eastus.actions.githubusercontent.com/267//idtoken/f3d72571-f2cf-4db3-87d4-aecf83d1095f/6456618b-a856-5ed4-aacb-1aaca259e550?api-version=2.0",
          "ConnectivityChecks": "[\"https://broker.actions.githubusercontent.com/health\",\"https://token.actions.githubusercontent.com/ready\",\"https://run.actions.githubusercontent.com/health\"]",
          "ConnectivityAndDNSChecks": ""
        },
        "name": "SystemVssConnection",
        "url": "https://run-actions-3-azure-eastus.actions.githubusercontent.com/267/",
        "authorization": {
          "parameters": {
            "AccessToken": "***"
          },
          "scheme": "OAuth"
        },
        "isShared": false,
        "isReady": true
      }
    ]
  },
  "contextData": {
    "github": {
      "t": 2,
      "d": [
        {
          "k": "ref",
          "v": "refs/heads/develop"
        },
        {
          "k": "sha",
          "v": "851bd6f497155966415b55ad44b22b1649564f56"
        },
        {
          "k": "repository",
          "v": "SheilaCesur/proyectoGitHub"
        },
        {
          "k": "repository_owner",
          "v": "SheilaCesur"
        },
        {
          "k": "repository_owner_id",
          "v": "330824191"
        },
        {
          "k": "repositoryUrl",
          "v": "git://github.com/SheilaCesur/proyectoGitHub.git"
        },
        {
          "k": "run_id",
          "v": "36112893661"
        },
        {
          "k": "run_number",
          "v": "7"
        },
        {
          "k": "retention_days",
          "v": "90"
        },
        {
          "k": "run_attempt",
          "v": "1"
        },
        {
          "k": "artifact_cache_size_limit",
          "v": "10"
        },
        {
          "k": "repository_visibility",
          "v": "public"
        },
        {
          "k": "actor_id",
          "v": "330824191"
        },
        {
          "k": "actor",
          "v": "SheilaCesur"
        },
        {
          "k": "workflow",
          "v": "CI"
        },
        {
          "k": "head_ref",
          "v": ""
        },
        {
          "k": "base_ref",
          "v": ""
        },
        {
          "k": "event_name",
          "v": "push"
        },
        {
          "k": "server_url",
          "v": "https://github.com"
        },
        {
          "k": "api_url",
          "v": "https://api.github.com"
        },
        {
          "k": "graphql_url",
          "v": "https://api.github.com/graphql"
        },
        {
          "k": "ref_name",
          "v": "develop"
        },
        {
          "k": "ref_protected",
          "v": false
        },
        {
          "k": "ref_type",
          "v": "branch"
        },
        {
          "k": "secret_source",
          "v": "Actions"
        },
        {
          "k": "event",
          "v": {
            "t": 2,
            "d": [
              {
                "k": "after",
                "v": "851bd6f497155966415b55ad44b22b1649564f56"
              },
              {
                "k": "base_ref",
                "v": null
              },
              {
                "k": "before",
                "v": "a1455ce90386f971f357d3cfe709bd709c1d4df7"
              },
              {
                "k": "commits",
                "v": {
                  "t": 1
                }
              },
              {
                "k": "compare",
                "v": "https://github.com/SheilaCesur/proyectoGitHub/compare/a1455ce90386...851bd6f49715"
              },
              {
                "k": "created",
                "v": false
              },
              {
                "k": "deleted",
                "v": false
              },
              {
                "k": "forced",
                "v": true
              },
              {
                "k": "head_commit",
                "v": {
                  "t": 2,
                  "d": [
                    {
                      "k": "author",
                      "v": {
                        "t": 2,
                        "d": [
                          {
                            "k": "email",
                            "v": "sheila.s460556@cesurformacion.com"
                          },
                          {
                            "k": "name",
                            "v": "Sheila Gomez Cruz"
                          },
                          {
                            "k": "username",
                            "v": "SheilaCesur"
                          }
                        ]
                      }
                    },
                    {
                      "k": "committer",
                      "v": {
                        "t": 2,
                        "d": [
                          {
                            "k": "email",
                            "v": "sheila.s460556@cesurformacion.com"
                          },
                          {
                            "k": "name",
                            "v": "Sheila Gomez Cruz"
                          },
                          {
                            "k": "username",
                            "v": "SheilaCesur"
                          }
                        ]
                      }
                    },
                    {
                      "k": "distinct",
                      "v": true
                    },
                    {
                      "k": "id",
                      "v": "851bd6f497155966415b55ad44b22b1649564f56"
                    },
                    {
                      "k": "message",
                      "v": "Integra cambios de origin/develop"
                    },
                    {
                      "k": "timestamp",
                      "v": "2026-09-24T19:48:47+02:00"
                    },
                    {
                      "k": "tree_id",
                      "v": "66e2b06f9cf04a9622dfe0baface4a5e0a3dffa2"
                    },
                    {
                      "k": "url",
                      "v": "https://github.com/SheilaCesur/proyectoGitHub/commit/851bd6f497155966415b55ad44b22b1649564f56"
                    }
                  ]
                }
              },
              {
                "k": "pusher",
                "v": {
                  "t": 2,
                  "d": [
                    {
                      "k": "email",
                      "v": "sheila.s460556@cesurformacion.com"
                    },
                    {
                      "k": "name",
                      "v": "SheilaCesur"
                    }
                  ]
                }
              },
              {
                "k": "ref",
                "v": "refs/heads/develop"
              },
              {
                "k": "repository",
                "v": {
                  "t": 2,
                  "d": [
                    {
                      "k": "allow_forking",
                      "v": true
                    },
                    {
                      "k": "archive_url",
                      "v": "https://api.github.com/repos/SheilaCesur/proyectoGitHub/{archive_format}{/ref}"
                    },
                    {
                      "k": "archived",
                      "v": false
                    },
                    {
                      "k": "assignees_url",
                      "v": "https://api.github.com/repos/SheilaCesur/proyectoGitHub/assignees{/user}"
                    },
                    {
                      "k": "blobs_url",
                      "v": "https://api.github.com/repos/SheilaCesur/proyectoGitHub/git/blobs{/sha}"
                    },
                    {
                      "k": "branches_url",
                      "v": "https://api.github.com/repos/SheilaCesur/proyectoGitHub/branches{/branch}"
                    },
                    {
                      "k": "clone_url",
                      "v": "https://github.com/SheilaCesur/proyectoGitHub.git"
                    },
                    {
                      "k": "collaborators_url",
                      "v": "https://api.github.com/repos/SheilaCesur/proyectoGitHub/collaborators{/collaborator}"
                    },
                    {
                      "k": "comments_url",
                      "v": "https://api.github.com/repos/SheilaCesur/proyectoGitHub/comments{/number}"
                    },
                    {
                      "k": "commits_url",
                      "v": "https://api.github.com/repos/SheilaCesur/proyectoGitHub/commits{/sha}"
                    },
                    {
                      "k": "compare_url",
                      "v": "https://api.github.com/repos/SheilaCesur/proyectoGitHub/compare/{base}...{head}"
                    },
                    {
                      "k": "contents_url",
                      "v": "https://api.github.com/repos/SheilaCesur/proyectoGitHub/contents/{+path}"
                    },
                    {
                      "k": "contributors_url",
                      "v": "https://api.github.com/repos/SheilaCesur/proyectoGitHub/contributors"
                    },
                    {
                      "k": "created_at",
                      "v": 1789727258.0
                    },
                    {
                      "k": "default_branch",
                      "v": "main"
                    },
                    {
                      "k": "deployments_url",
                      "v": "https://api.github.com/repos/SheilaCesur/proyectoGitHub/deployments"
                    },
                    {
                      "k": "description",
                      "v": "Tarea FCT"
                    },
                    {
                      "k": "disabled",
                      "v": false
                    },
                    {
                      "k": "downloads_url",
                      "v": "https://api.github.com/repos/SheilaCesur/proyectoGitHub/downloads"
                    },
                    {
                      "k": "events_url",
                      "v": "https://api.github.com/repos/SheilaCesur/proyectoGitHub/events"
                    },
                    {
                      "k": "fork",
                      "v": false
                    },
                    {
                      "k": "forks",
                      "v": 1.0
                    },
                    {
                      "k": "forks_count",
                      "v": 1.0
                    },
                    {
                      "k": "forks_url",
                      "v": "https://api.github.com/repos/SheilaCesur/proyectoGitHub/forks"
                    },
                    {
                      "k": "full_name",
                      "v": "SheilaCesur/proyectoGitHub"
                    },
                    {
                      "k": "git_commits_url",
                      "v": "https://api.github.com/repos/SheilaCesur/proyectoGitHub/git/commits{/sha}"
                    },
                    {
                      "k": "git_refs_url",
                      "v": "https://api.github.com/repos/SheilaCesur/proyectoGitHub/git/refs{/sha}"
                    },
                    {
                      "k": "git_tags_url",
                      "v": "https://api.github.com/repos/SheilaCesur/proyectoGitHub/git/tags{/sha}"
                    },
                    {
                      "k": "git_url",
                      "v": "git://github.com/SheilaCesur/proyectoGitHub.git"
                    },
                    {
                      "k": "has_discussions",
                      "v": false
                    },
                    {
                      "k": "has_downloads",
                      "v": true
                    },
                    {
                      "k": "has_issues",
                      "v": true
                    },
                    {
                      "k": "has_pages",
                      "v": false
                    },
                    {
                      "k": "has_projects",
                      "v": true
                    },
                    {
                      "k": "has_pull_requests",
                      "v": true
                    },
                    {
                      "k": "has_wiki",
                      "v": true
                    },
                    {
                      "k": "homepage",
                      "v": null
                    },
                    {
                      "k": "hooks_url",
                      "v": "https://api.github.com/repos/SheilaCesur/proyectoGitHub/hooks"
                    },
                    {
                      "k": "html_url",
                      "v": "https://github.com/SheilaCesur/proyectoGitHub"
                    },
                    {
                      "k": "id",
                      "v": 1375708494.0
                    },
                    {
                      "k": "is_template",
                      "v": false
                    },
                    {
                      "k": "issue_comment_url",
                      "v": "https://api.github.com/repos/SheilaCesur/proyectoGitHub/issues/comments{/number}"
                    },
                    {
                      "k": "issue_events_url",
                      "v": "https://api.github.com/repos/SheilaCesur/proyectoGitHub/issues/events{/number}"
                    },
                    {
                      "k": "issues_url",
                      "v": "https://api.github.com/repos/SheilaCesur/proyectoGitHub/issues{/number}"
                    },
                    {
                      "k": "keys_url",
                      "v": "https://api.github.com/repos/SheilaCesur/proyectoGitHub/keys{/key_id}"
                    },
                    {
                      "k": "labels_url",
                      "v": "https://api.github.com/repos/SheilaCesur/proyectoGitHub/labels{/name}"
                    },
                    {
                      "k": "language",
                      "v": null
                    },
                    {
                      "k": "languages_url",
                      "v": "https://api.github.com/repos/SheilaCesur/proyectoGitHub/languages"
                    },
                    {
                      "k": "license",
                      "v": null
                    },
                    {
                      "k": "master_branch",
                      "v": "main"
                    },
                    {
                      "k": "merges_url",
                      "v": "https://api.github.com/repos/SheilaCesur/proyectoGitHub/merges"
                    },
                    {
                      "k": "milestones_url",
                      "v": "https://api.github.com/repos/SheilaCesur/proyectoGitHub/milestones{/number}"
                    },
                    {
                      "k": "mirror_url",
                      "v": null
                    },
                    {
                      "k": "name",
                      "v": "proyectoGitHub"
                    },
                    {
                      "k": "node_id",
                      "v": "R_kgDOUf-lTg"
                    },
                    {
                      "k": "notifications_url",
                      "v": "https://api.github.com/repos/SheilaCesur/proyectoGitHub/notifications{?since,all,participating}"
                    },
                    {
                      "k": "open_issues",
                      "v": 0.0
                    },
                    {
                      "k": "open_issues_count",
                      "v": 0.0
                    },
                    {
                      "k": "owner",
                      "v": {
                        "t": 2,
                        "d": [
                          {
                            "k": "avatar_url",
                            "v": "https://avatars.githubusercontent.com/u/330824191?v=4"
                          },
                          {
                            "k": "email",
                            "v": "sheila.s460556@cesurformacion.com"
                          },
                          {
                            "k": "events_url",
                            "v": "https://api.github.com/users/SheilaCesur/events{/privacy}"
                          },
                          {
                            "k": "followers_url",
                            "v": "https://api.github.com/users/SheilaCesur/followers"
                          },
                          {
                            "k": "following_url",
                            "v": "https://api.github.com/users/SheilaCesur/following{/other_user}"
                          },
                          {
                            "k": "gists_url",
                            "v": "https://api.github.com/users/SheilaCesur/gists{/gist_id}"
                          },
                          {
                            "k": "gravatar_id",
                            "v": ""
                          },
                          {
                            "k": "html_url",
                            "v": "https://github.com/SheilaCesur"
                          },
                          {
                            "k": "id",
                            "v": 330824191.0
                          },
                          {
                            "k": "login",
                            "v": "SheilaCesur"
                          },
                          {
                            "k": "name",
                            "v": "SheilaCesur"
                          },
                          {
                            "k": "node_id",
                            "v": "U_kgDOE7f5_w"
                          },
                          {
                            "k": "organizations_url",
                            "v": "https://api.github.com/users/SheilaCesur/orgs"
                          },
                          {
                            "k": "received_events_url",
                            "v": "https://api.github.com/users/SheilaCesur/received_events"
                          },
                          {
                            "k": "repos_url",
                            "v": "https://api.github.com/users/SheilaCesur/repos"
                          },
                          {
                            "k": "site_admin",
                            "v": false
                          },
                          {
                            "k": "starred_url",
                            "v": "https://api.github.com/users/SheilaCesur/starred{/owner}{/repo}"
                          },
                          {
                            "k": "subscriptions_url",
                            "v": "https://api.github.com/users/SheilaCesur/subscriptions"
                          },
                          {
                            "k": "type",
                            "v": "User"
                          },
                          {
                            "k": "url",
                            "v": "https://api.github.com/users/SheilaCesur"
                          },
                          {
                            "k": "user_view_type",
                            "v": "public"
                          }
                        ]
                      }
                    },
                    {
                      "k": "private",
                      "v": false
                    },
                    {
                      "k": "pull_request_creation_policy",
                      "v": "all"
                    },
                    {
                      "k": "pulls_url",
                      "v": "https://api.github.com/repos/SheilaCesur/proyectoGitHub/pulls{/number}"
                    },
                    {
                      "k": "pushed_at",
                      "v": 1790324765.0
                    },
                    {
                      "k": "releases_url",
                      "v": "https://api.github.com/repos/SheilaCesur/proyectoGitHub/releases{/id}"
                    },
                    {
                      "k": "size",
                      "v": 183459.0
                    },
                    {
                      "k": "ssh_url",
                      "v": "git@github.com:SheilaCesur/proyectoGitHub.git"
                    },
                    {
                      "k": "stargazers",
                      "v": 0.0
                    },
                    {
                      "k": "stargazers_count",
                      "v": 0.0
                    },
                    {
                      "k": "stargazers_url",
                      "v": "https://api.github.com/repos/SheilaCesur/proyectoGitHub/stargazers"
                    },
                    {
                      "k": "statuses_url",
                      "v": "https://api.github.com/repos/SheilaCesur/proyectoGitHub/statuses/{sha}"
                    },
                    {
                      "k": "subscribers_url",
                      "v": "https://api.github.com/repos/SheilaCesur/proyectoGitHub/subscribers"
                    },
                    {
                      "k": "subscription_url",
                      "v": "https://api.github.com/repos/SheilaCesur/proyectoGitHub/subscription"
                    },
                    {
                      "k": "svn_url",
                      "v": "https://github.com/SheilaCesur/proyectoGitHub"
                    },
                    {
                      "k": "tags_url",
                      "v": "https://api.github.com/repos/SheilaCesur/proyectoGitHub/tags"
                    },
                    {
                      "k": "teams_url",
                      "v": "https://api.github.com/repos/SheilaCesur/proyectoGitHub/teams"
                    },
                    {
                      "k": "topics",
                      "v": {
                        "t": 1
                      }
                    },
                    {
                      "k": "trees_url",
                      "v": "https://api.github.com/repos/SheilaCesur/proyectoGitHub/git/trees{/sha}"
                    },
                    {
                      "k": "updated_at",
                      "v": "2026-09-25T08:19:58Z"
                    },
                    {
                      "k": "url",
                      "v": "https://api.github.com/repos/SheilaCesur/proyectoGitHub"
                    },
                    {
                      "k": "visibility",
                      "v": "public"
                    },
                    {
                      "k": "watchers",
                      "v": 0.0
                    },
                    {
                      "k": "watchers_count",
                      "v": 0.0
                    },
                    {
                      "k": "web_commit_signoff_required",
                      "v": false
                    }
                  ]
                }
              },
              {
                "k": "sender",
                "v": {
                  "t": 2,
                  "d": [
                    {
                      "k": "avatar_url",
                      "v": "https://avatars.githubusercontent.com/u/330824191?v=4"
                    },
                    {
                      "k": "events_url",
                      "v": "https://api.github.com/users/SheilaCesur/events{/privacy}"
                    },
                    {
                      "k": "followers_url",
                      "v": "https://api.github.com/users/SheilaCesur/followers"
                    },
                    {
                      "k": "following_url",
                      "v": "https://api.github.com/users/SheilaCesur/following{/other_user}"
                    },
                    {
                      "k": "gists_url",
                      "v": "https://api.github.com/users/SheilaCesur/gists{/gist_id}"
                    },
                    {
                      "k": "gravatar_id",
                      "v": ""
                    },
                    {
                      "k": "html_url",
                      "v": "https://github.com/SheilaCesur"
                    },
                    {
                      "k": "id",
                      "v": 330824191.0
                    },
                    {
                      "k": "login",
                      "v": "SheilaCesur"
                    },
                    {
                      "k": "node_id",
                      "v": "U_kgDOE7f5_w"
                    },
                    {
                      "k": "organizations_url",
                      "v": "https://api.github.com/users/SheilaCesur/orgs"
                    },
                    {
                      "k": "received_events_url",
                      "v": "https://api.github.com/users/SheilaCesur/received_events"
                    },
                    {
                      "k": "repos_url",
                      "v": "https://api.github.com/users/SheilaCesur/repos"
                    },
                    {
                      "k": "site_admin",
                      "v": false
                    },
                    {
                      "k": "starred_url",
                      "v": "https://api.github.com/users/SheilaCesur/starred{/owner}{/repo}"
                    },
                    {
                      "k": "subscriptions_url",
                      "v": "https://api.github.com/users/SheilaCesur/subscriptions"
                    },
                    {
                      "k": "type",
                      "v": "User"
                    },
                    {
                      "k": "url",
                      "v": "https://api.github.com/users/SheilaCesur"
                    },
                    {
                      "k": "user_view_type",
                      "v": "public"
                    }
                  ]
                }
              }
            ]
          }
        },
        {
          "k": "workflow_ref",
          "v": "SheilaCesur/proyectoGitHub/.github/workflows/ci.yml@refs/heads/develop"
        },
        {
          "k": "workflow_sha",
          "v": "851bd6f497155966415b55ad44b22b1649564f56"
        },
        {
          "k": "repository_id",
          "v": "1375708494"
        },
        {
          "k": "triggering_actor",
          "v": "SheilaCesur"
        }
      ]
    },
    "inputs": {
      "t": 2
    },
    "job": {
      "t": 2,
      "d": [
        {
          "k": "check_run_id",
          "v": 108000206957.0
        },
        {
          "k": "workflow_ref",
          "v": "SheilaCesur/proyectoGitHub/.github/workflows/ci.yml@refs/heads/develop"
        },
        {
          "k": "workflow_sha",
          "v": "851bd6f497155966415b55ad44b22b1649564f56"
        },
        {
          "k": "workflow_repository",
          "v": "SheilaCesur/proyectoGitHub"
        },
        {
          "k": "workflow_file_path",
          "v": ".github/workflows/ci.yml"
        }
      ]
    },
    "matrix": null,
    "needs": {
      "t": 2,
      "d": [
        {
          "k": "update-readme",
          "v": {
            "t": 2,
            "d": [
              {
                "k": "result",
                "v": "success"
              },
              {
                "k": "outputs",
                "v": {
                  "t": 2
                }
              }
            ]
          }
        }
      ]
    },
    "strategy": {
      "t": 2,
      "d": [
        {
          "k": "fail-fast",
          "v": true
        },
        {
          "k": "job-index",
          "v": 0.0
        },
        {
          "k": "job-total",
          "v": 1.0
        },
        {
          "k": "max-parallel",
          "v": 1.0
        }
      ]
    },
    "vars": {
      "t": 2
    }
  },
  "billingOwnerId": "U_kgDOE7f5_w"
}
[2026-09-25 09:42:15Z INFO JobRunner] Job ID 6456618b-a856-5ed4-aacb-1aaca259e550
[2026-09-25 09:42:15Z INFO ConfigurationStore] currentAssemblyLocation: C:\Users\Escatron\proyectoGit\bin\Runner.Worker.dll
[2026-09-25 09:42:15Z INFO HostContext] Well known directory 'Bin': 'C:\Users\Escatron\proyectoGit\bin'
[2026-09-25 09:42:15Z INFO ConfigurationStore] binPath: C:\Users\Escatron\proyectoGit\bin
[2026-09-25 09:42:15Z INFO HostContext] Well known directory 'Bin': 'C:\Users\Escatron\proyectoGit\bin'
[2026-09-25 09:42:15Z INFO HostContext] Well known directory 'Root': 'C:\Users\Escatron\proyectoGit'
[2026-09-25 09:42:15Z INFO ConfigurationStore] RootFolder: C:\Users\Escatron\proyectoGit
[2026-09-25 09:42:15Z INFO HostContext] Well known directory 'Bin': 'C:\Users\Escatron\proyectoGit\bin'
[2026-09-25 09:42:15Z INFO HostContext] Well known directory 'Root': 'C:\Users\Escatron\proyectoGit'
[2026-09-25 09:42:15Z INFO HostContext] Well known config file 'Runner': 'C:\Users\Escatron\proyectoGit\.runner'
[2026-09-25 09:42:15Z INFO ConfigurationStore] ConfigFilePath: C:\Users\Escatron\proyectoGit\.runner
[2026-09-25 09:42:15Z INFO HostContext] Well known directory 'Bin': 'C:\Users\Escatron\proyectoGit\bin'
[2026-09-25 09:42:15Z INFO HostContext] Well known directory 'Root': 'C:\Users\Escatron\proyectoGit'
[2026-09-25 09:42:15Z INFO HostContext] Well known config file 'MigratedRunner': 'C:\Users\Escatron\proyectoGit\.runner_migrated'
[2026-09-25 09:42:15Z INFO ConfigurationStore] MigratedConfigFilePath: C:\Users\Escatron\proyectoGit\.runner_migrated
[2026-09-25 09:42:15Z INFO HostContext] Well known directory 'Bin': 'C:\Users\Escatron\proyectoGit\bin'
[2026-09-25 09:42:15Z INFO HostContext] Well known directory 'Root': 'C:\Users\Escatron\proyectoGit'
[2026-09-25 09:42:15Z INFO HostContext] Well known config file 'Credentials': 'C:\Users\Escatron\proyectoGit\.credentials'
[2026-09-25 09:42:15Z INFO ConfigurationStore] CredFilePath: C:\Users\Escatron\proyectoGit\.credentials
[2026-09-25 09:42:15Z INFO HostContext] Well known directory 'Bin': 'C:\Users\Escatron\proyectoGit\bin'
[2026-09-25 09:42:15Z INFO HostContext] Well known directory 'Root': 'C:\Users\Escatron\proyectoGit'
[2026-09-25 09:42:15Z INFO HostContext] Well known config file 'MigratedCredentials': 'C:\Users\Escatron\proyectoGit\.credentials_migrated'
[2026-09-25 09:42:15Z INFO ConfigurationStore] MigratedCredFilePath: C:\Users\Escatron\proyectoGit\.credentials_migrated
[2026-09-25 09:42:15Z INFO HostContext] Well known directory 'Bin': 'C:\Users\Escatron\proyectoGit\bin'
[2026-09-25 09:42:15Z INFO HostContext] Well known directory 'Root': 'C:\Users\Escatron\proyectoGit'
[2026-09-25 09:42:15Z INFO HostContext] Well known config file 'Service': 'C:\Users\Escatron\proyectoGit\.service'
[2026-09-25 09:42:15Z INFO ConfigurationStore] ServiceConfigFilePath: C:\Users\Escatron\proyectoGit\.service
[2026-09-25 09:42:15Z INFO ConfigurationStore] Read setting file: 404 chars
[2026-09-25 09:42:15Z INFO JobRunner] Initializing launch client
[2026-09-25 09:42:15Z INFO JobServerQueue] Initializing results client
[2026-09-25 09:42:15Z INFO ResultServer] Creating websocket client ...wss://results-receiver.actions.githubusercontent.com/_ws/ingest.sock
[2026-09-25 09:42:15Z INFO ResultServer] Attempting to start websocket client with delay 00:00:00.
[2026-09-25 09:42:15Z INFO JobServerQueue] Start process web console line queue.
[2026-09-25 09:42:15Z INFO JobServerQueue] Start process file upload queue.
[2026-09-25 09:42:15Z INFO JobServerQueue] Start results file upload queue.
[2026-09-25 09:42:15Z INFO JobServerQueue] Starting results-based upload queue...
[2026-09-25 09:42:15Z INFO JobServerQueue] Start process timeline update queue.
[2026-09-25 09:42:15Z INFO ExecutionContext] Initializing Job context
[2026-09-25 09:42:15Z INFO ExecutionContext] Initialize GitHub context
[2026-09-25 09:42:15Z INFO ExecutionContext] Initialize Env context
[2026-09-25 09:42:15Z INFO HostContext] Well known directory 'Bin': 'C:\Users\Escatron\proyectoGit\bin'
[2026-09-25 09:42:15Z INFO HostContext] Well known directory 'Root': 'C:\Users\Escatron\proyectoGit'
[2026-09-25 09:42:15Z INFO HostContext] Well known directory 'Diag': 'C:\Users\Escatron\proyectoGit\_diag'
[2026-09-25 09:42:15Z INFO HostContext] Well known directory 'Bin': 'C:\Users\Escatron\proyectoGit\bin'
[2026-09-25 09:42:15Z INFO HostContext] Well known directory 'Root': 'C:\Users\Escatron\proyectoGit'
[2026-09-25 09:42:15Z INFO HostContext] Well known directory 'Diag': 'C:\Users\Escatron\proyectoGit\_diag'
[2026-09-25 09:42:15Z INFO JobRunner] Starting the job execution context.
[2026-09-25 09:42:15Z INFO HostContext] Well known directory 'Bin': 'C:\Users\Escatron\proyectoGit\bin'
[2026-09-25 09:42:15Z INFO HostContext] Well known directory 'Root': 'C:\Users\Escatron\proyectoGit'
[2026-09-25 09:42:15Z INFO HostContext] Well known directory 'Work': 'C:\Users\Escatron\proyectoGit\_work'
[2026-09-25 09:42:15Z INFO JobRunner] Validating directory permissions for: 'C:\Users\Escatron\proyectoGit\_work'
[2026-09-25 09:42:15Z INFO HostContext] Well known directory 'Bin': 'C:\Users\Escatron\proyectoGit\bin'
[2026-09-25 09:42:15Z INFO HostContext] Well known directory 'Root': 'C:\Users\Escatron\proyectoGit'
[2026-09-25 09:42:15Z INFO HostContext] Well known directory 'Work': 'C:\Users\Escatron\proyectoGit\_work'
[2026-09-25 09:42:15Z INFO HostContext] Well known directory 'Tools': 'C:\Users\Escatron\proyectoGit\_work\_tool'
[2026-09-25 09:42:15Z INFO HostContext] Well known directory 'Bin': 'C:\Users\Escatron\proyectoGit\bin'
[2026-09-25 09:42:15Z INFO HostContext] Well known directory 'Root': 'C:\Users\Escatron\proyectoGit'
[2026-09-25 09:42:15Z INFO HostContext] Well known directory 'Work': 'C:\Users\Escatron\proyectoGit\_work'
[2026-09-25 09:42:15Z INFO HostContext] Well known directory 'Temp': 'C:\Users\Escatron\proyectoGit\_work\_temp'
[2026-09-25 09:42:15Z INFO JobRunner] Getting job extension.
[2026-09-25 09:42:15Z INFO JobRunner] Initialize job. Getting all job steps.
[2026-09-25 09:42:15Z INFO HostContext] Well known directory 'Bin': 'C:\Users\Escatron\proyectoGit\bin'
[2026-09-25 09:42:15Z INFO HostContext] Well known directory 'Root': 'C:\Users\Escatron\proyectoGit'
[2026-09-25 09:42:15Z INFO HostContext] Well known directory 'Diag': 'C:\Users\Escatron\proyectoGit\_diag'
[2026-09-25 09:42:15Z INFO HostContext] Well known directory 'Bin': 'C:\Users\Escatron\proyectoGit\bin'
[2026-09-25 09:42:15Z INFO HostContext] Well known directory 'Root': 'C:\Users\Escatron\proyectoGit'
[2026-09-25 09:42:15Z INFO HostContext] Well known directory 'Diag': 'C:\Users\Escatron\proyectoGit\_diag'
[2026-09-25 09:42:15Z INFO HostContext] Well known directory 'Bin': 'C:\Users\Escatron\proyectoGit\bin'
[2026-09-25 09:42:15Z INFO HostContext] Well known directory 'Root': 'C:\Users\Escatron\proyectoGit'
[2026-09-25 09:42:15Z INFO HostContext] Well known config file 'Credentials': 'C:\Users\Escatron\proyectoGit\.credentials'
[2026-09-25 09:42:15Z INFO HostContext] Well known directory 'Bin': 'C:\Users\Escatron\proyectoGit\bin'
[2026-09-25 09:42:15Z INFO HostContext] Well known directory 'Root': 'C:\Users\Escatron\proyectoGit'
[2026-09-25 09:42:15Z INFO HostContext] Well known config file 'SetupInfo': 'C:\Users\Escatron\proyectoGit\.setup_info'
[2026-09-25 09:42:15Z INFO HostContext] Well known directory 'Bin': 'C:\Users\Escatron\proyectoGit\bin'
[2026-09-25 09:42:15Z INFO HostContext] Well known directory 'Root': 'C:\Users\Escatron\proyectoGit'
[2026-09-25 09:42:15Z INFO HostContext] Well known directory 'Work': 'C:\Users\Escatron\proyectoGit\_work'
[2026-09-25 09:42:15Z INFO PipelineDirectoryManager] Loading tracking config if exists: C:\Users\Escatron\proyectoGit\_work\_PipelineMapping\SheilaCesur/proyectoGitHub\PipelineFolder.json
[2026-09-25 09:42:15Z INFO PipelineDirectoryManager] Updating job run properties.
[2026-09-25 09:42:15Z INFO HostContext] Well known directory 'Bin': 'C:\Users\Escatron\proyectoGit\bin'
[2026-09-25 09:42:15Z INFO HostContext] Well known directory 'Root': 'C:\Users\Escatron\proyectoGit'
[2026-09-25 09:42:15Z INFO HostContext] Well known directory 'Work': 'C:\Users\Escatron\proyectoGit\_work'
[2026-09-25 09:42:15Z INFO HostContext] Well known directory 'Bin': 'C:\Users\Escatron\proyectoGit\bin'
[2026-09-25 09:42:15Z INFO HostContext] Well known directory 'Root': 'C:\Users\Escatron\proyectoGit'
[2026-09-25 09:42:15Z INFO HostContext] Well known directory 'Work': 'C:\Users\Escatron\proyectoGit\_work'
[2026-09-25 09:42:15Z INFO HostContext] Well known directory 'Bin': 'C:\Users\Escatron\proyectoGit\bin'
[2026-09-25 09:42:15Z INFO HostContext] Well known directory 'Root': 'C:\Users\Escatron\proyectoGit'
[2026-09-25 09:42:15Z INFO HostContext] Well known directory 'Work': 'C:\Users\Escatron\proyectoGit\_work'
[2026-09-25 09:42:15Z INFO JobExtension] Downloading actions
[2026-09-25 09:42:15Z INFO HostContext] Well known directory 'Bin': 'C:\Users\Escatron\proyectoGit\bin'
[2026-09-25 09:42:15Z INFO HostContext] Well known directory 'Root': 'C:\Users\Escatron\proyectoGit'
[2026-09-25 09:42:15Z INFO HostContext] Well known directory 'Work': 'C:\Users\Escatron\proyectoGit\_work'
[2026-09-25 09:42:15Z INFO HostContext] Well known directory 'Actions': 'C:\Users\Escatron\proyectoGit\_work\_actions'
[2026-09-25 09:42:15Z INFO JobExtension] Adding .
[2026-09-25 09:42:15Z INFO HostContext] Well known directory 'Bin': 'C:\Users\Escatron\proyectoGit\bin'
[2026-09-25 09:42:15Z INFO HostContext] Well known directory 'Root': 'C:\Users\Escatron\proyectoGit'
[2026-09-25 09:42:15Z INFO HostContext] Well known directory 'Diag': 'C:\Users\Escatron\proyectoGit\_diag'
[2026-09-25 09:42:15Z INFO HostContext] Well known directory 'Bin': 'C:\Users\Escatron\proyectoGit\bin'
[2026-09-25 09:42:15Z INFO HostContext] Well known directory 'Root': 'C:\Users\Escatron\proyectoGit'
[2026-09-25 09:42:15Z INFO HostContext] Well known directory 'Diag': 'C:\Users\Escatron\proyectoGit\_diag'
[2026-09-25 09:42:15Z INFO JobExtension] Total accessible running process: 368.
[2026-09-25 09:42:15Z INFO HostContext] Well known directory 'Bin': 'C:\Users\Escatron\proyectoGit\bin'
[2026-09-25 09:42:15Z INFO HostContext] Well known directory 'Root': 'C:\Users\Escatron\proyectoGit'
[2026-09-25 09:42:15Z INFO HostContext] Well known directory 'Work': 'C:\Users\Escatron\proyectoGit\_work'
[2026-09-25 09:42:15Z INFO JobExtension] Start checking server connectivity.
[2026-09-25 09:42:15Z INFO JobExtension] Check server connectivity for https://broker.actions.githubusercontent.com/health.
[2026-09-25 09:42:15Z INFO JobExtension] Check server connectivity for https://token.actions.githubusercontent.com/ready.
[2026-09-25 09:42:15Z INFO JobExtension] Check server connectivity for https://run.actions.githubusercontent.com/health.
[2026-09-25 09:42:15Z INFO JobExtension] Start checking service connectivity in background.
[2026-09-25 09:42:15Z INFO ExecutionContext] Publish step telemetry for current step {
  "action": "setup_job",
  "type": "runner",
  "stage": "Pre",
  "stepId": "e3ca2136-170c-4d7b-9365-12ea46b708a5",
  "result": "succeeded",
  "errorMessages": [],
  "executionTimeInSeconds": 1,
  "startTime": "2026-09-25T09:42:15.9551325Z",
  "finishTime": "2026-09-25T09:42:15.9940884Z"
}.
[2026-09-25 09:42:15Z INFO JobRunner] Total job steps: 1.
[2026-09-25 09:42:15Z INFO JobRunner] Waiting for job to be marked as started.
[2026-09-25 09:42:15Z INFO Worker] Listening for cancel message from the channel.
[2026-09-25 09:42:15Z INFO Worker] Waiting for the job to complete or for a cancel message from the channel.
[2026-09-25 09:42:16Z INFO ResultServer] Successfully started websocket client.
[2026-09-25 09:42:16Z INFO JobServerQueue] Try to append 1 batches web console lines for record 'e3ca2136-170c-4d7b-9365-12ea46b708a5', success rate: 1/1.
[2026-09-25 09:42:16Z INFO JobServerQueue] Job timeline record has been updated for the first time.
[2026-09-25 09:42:16Z INFO JobRunner] Run all job steps.
[2026-09-25 09:42:16Z INFO DapDebugger] DapDebugger initialized
[2026-09-25 09:42:16Z INFO StepsRunner] Processing step: DisplayName='Validar DEV_TOKEN'
[2026-09-25 09:42:16Z INFO StepsRunner] Evaluating: success()
[2026-09-25 09:42:16Z INFO StepsRunner] Result: true
[2026-09-25 09:42:16Z INFO StepsRunner] Starting the step.
[2026-09-25 09:42:16Z INFO HostContext] Well known directory 'Bin': 'C:\Users\Escatron\proyectoGit\bin'
[2026-09-25 09:42:16Z INFO HostContext] Well known directory 'Root': 'C:\Users\Escatron\proyectoGit'
[2026-09-25 09:42:16Z INFO HostContext] Well known directory 'Work': 'C:\Users\Escatron\proyectoGit\_work'
[2026-09-25 09:42:16Z INFO StepsRunner] Which2: 'chcp'
[2026-09-25 09:42:16Z INFO StepsRunner] Location: 'C:\windows\system32\chcp.COM'
[2026-09-25 09:42:16Z INFO ProcessInvokerWrapper] Starting process:
[2026-09-25 09:42:16Z INFO ProcessInvokerWrapper]   File name: 'C:\windows\system32\chcp.COM'
[2026-09-25 09:42:16Z INFO ProcessInvokerWrapper]   Arguments: '65001'
[2026-09-25 09:42:16Z INFO ProcessInvokerWrapper]   Working directory: 'C:\Users\Escatron\proyectoGit\_work'
[2026-09-25 09:42:16Z INFO ProcessInvokerWrapper]   Require exit code zero: 'False'
[2026-09-25 09:42:16Z INFO ProcessInvokerWrapper]   Encoding web name:  ; code page: ''
[2026-09-25 09:42:16Z INFO ProcessInvokerWrapper]   Force kill process on cancellation: 'False'
[2026-09-25 09:42:16Z INFO ProcessInvokerWrapper]   Redirected STDIN: 'False'
[2026-09-25 09:42:16Z INFO ProcessInvokerWrapper]   Persist current code page: 'True'
[2026-09-25 09:42:16Z INFO ProcessInvokerWrapper]   Keep redirected STDIN open: 'False'
[2026-09-25 09:42:16Z INFO ProcessInvokerWrapper]   High priority process: 'False'
[2026-09-25 09:42:16Z INFO ProcessInvokerWrapper] Process started with process id 33288, waiting for process exit.
[2026-09-25 09:42:16Z INFO ProcessInvokerWrapper] STDOUT/STDERR stream read finished.
[2026-09-25 09:42:16Z INFO ProcessInvokerWrapper] STDOUT/STDERR stream read finished.
[2026-09-25 09:42:16Z INFO ProcessInvokerWrapper] Finished process 33288 with exit code 0, and elapsed time 00:00:00.0087169.
[2026-09-25 09:42:16Z INFO StepsRunner] Successfully returned to code page 65001 (UTF8)
[2026-09-25 09:42:16Z INFO HostContext] Well known directory 'Bin': 'C:\Users\Escatron\proyectoGit\bin'
[2026-09-25 09:42:16Z INFO HostContext] Well known directory 'Root': 'C:\Users\Escatron\proyectoGit'
[2026-09-25 09:42:16Z INFO HostContext] Well known directory 'Work': 'C:\Users\Escatron\proyectoGit\_work'
[2026-09-25 09:42:16Z INFO HostContext] Well known directory 'Temp': 'C:\Users\Escatron\proyectoGit\_work\_temp'
[2026-09-25 09:42:16Z INFO ExecutionContext] Write event payload to C:\Users\Escatron\proyectoGit\_work\_temp\_github_workflow\event.json
[2026-09-25 09:42:16Z INFO HostContext] Well known directory 'Bin': 'C:\Users\Escatron\proyectoGit\bin'
[2026-09-25 09:42:16Z INFO HostContext] Well known directory 'Root': 'C:\Users\Escatron\proyectoGit'
[2026-09-25 09:42:16Z INFO HostContext] Well known directory 'Work': 'C:\Users\Escatron\proyectoGit\_work'
[2026-09-25 09:42:16Z INFO HostContext] Well known directory 'Temp': 'C:\Users\Escatron\proyectoGit\_work\_temp'
[2026-09-25 09:42:16Z INFO ExtensionManager] Getting extensions for interface: 'GitHub.Runner.Worker.IFileCommandExtension'
[2026-09-25 09:42:16Z INFO ExtensionManager] Creating instance: GitHub.Runner.Worker.AddPathFileCommand, Runner.Worker
[2026-09-25 09:42:16Z INFO ExtensionManager] Creating instance: GitHub.Runner.Worker.SetEnvFileCommand, Runner.Worker
[2026-09-25 09:42:16Z INFO ExtensionManager] Creating instance: GitHub.Runner.Worker.CreateStepSummaryCommand, Runner.Worker
[2026-09-25 09:42:16Z INFO ExtensionManager] Creating instance: GitHub.Runner.Worker.SaveStateFileCommand, Runner.Worker
[2026-09-25 09:42:16Z INFO ExtensionManager] Creating instance: GitHub.Runner.Worker.SetOutputFileCommand, Runner.Worker
[2026-09-25 09:42:16Z INFO ExtensionManager] Creating instance: GitHub.Runner.Worker.CreateArtifactsFileCommand, Runner.Worker
[2026-09-25 09:42:16Z INFO ExtensionManager] Creating instance: GitHub.Runner.Worker.ArtifactsListFileCommand, Runner.Worker
[2026-09-25 09:42:16Z INFO ExtensionManager] Getting extensions for interface: 'GitHub.Runner.Worker.IActionCommandExtension'
[2026-09-25 09:42:16Z INFO ExtensionManager] Creating instance: GitHub.Runner.Worker.InternalPluginSetRepoPathCommandExtension, Runner.Worker
[2026-09-25 09:42:16Z INFO ExtensionManager] Creating instance: GitHub.Runner.Worker.SetEnvCommandExtension, Runner.Worker
[2026-09-25 09:42:16Z INFO ExtensionManager] Creating instance: GitHub.Runner.Worker.SetOutputCommandExtension, Runner.Worker
[2026-09-25 09:42:16Z INFO ExtensionManager] Creating instance: GitHub.Runner.Worker.SaveStateCommandExtension, Runner.Worker
[2026-09-25 09:42:16Z INFO ExtensionManager] Creating instance: GitHub.Runner.Worker.AddPathCommandExtension, Runner.Worker
[2026-09-25 09:42:16Z INFO ExtensionManager] Creating instance: GitHub.Runner.Worker.AddMaskCommandExtension, Runner.Worker
[2026-09-25 09:42:16Z INFO ExtensionManager] Creating instance: GitHub.Runner.Worker.AddMatcherCommandExtension, Runner.Worker
[2026-09-25 09:42:16Z INFO ExtensionManager] Creating instance: GitHub.Runner.Worker.RemoveMatcherCommandExtension, Runner.Worker
[2026-09-25 09:42:16Z INFO ExtensionManager] Creating instance: GitHub.Runner.Worker.WarningCommandExtension, Runner.Worker
[2026-09-25 09:42:16Z INFO ExtensionManager] Creating instance: GitHub.Runner.Worker.ErrorCommandExtension, Runner.Worker
[2026-09-25 09:42:16Z INFO ExtensionManager] Creating instance: GitHub.Runner.Worker.NoticeCommandExtension, Runner.Worker
[2026-09-25 09:42:16Z INFO ExtensionManager] Creating instance: GitHub.Runner.Worker.DebugCommandExtension, Runner.Worker
[2026-09-25 09:42:16Z INFO ExtensionManager] Creating instance: GitHub.Runner.Worker.GroupCommandExtension, Runner.Worker
[2026-09-25 09:42:16Z INFO ExtensionManager] Creating instance: GitHub.Runner.Worker.EndGroupCommandExtension, Runner.Worker
[2026-09-25 09:42:16Z INFO ExtensionManager] Creating instance: GitHub.Runner.Worker.EchoCommandExtension, Runner.Worker
[2026-09-25 09:42:16Z INFO ActionCommandManager] Register action command extension for command internal-set-repo-path
[2026-09-25 09:42:16Z INFO ActionCommandManager] Register action command extension for command set-env
[2026-09-25 09:42:16Z INFO ActionCommandManager] Register action command extension for command set-output
[2026-09-25 09:42:16Z INFO ActionCommandManager] Register action command extension for command save-state
[2026-09-25 09:42:16Z INFO ActionCommandManager] Register action command extension for command add-path
[2026-09-25 09:42:16Z INFO ActionCommandManager] Register action command extension for command add-mask
[2026-09-25 09:42:16Z INFO ActionCommandManager] Register action command extension for command add-matcher
[2026-09-25 09:42:16Z INFO ActionCommandManager] Register action command extension for command remove-matcher
[2026-09-25 09:42:16Z INFO ActionCommandManager] Register action command extension for command warning
[2026-09-25 09:42:16Z INFO ActionCommandManager] Register action command extension for command error
[2026-09-25 09:42:16Z INFO ActionCommandManager] Register action command extension for command notice
[2026-09-25 09:42:16Z INFO ActionCommandManager] Register action command extension for command debug
[2026-09-25 09:42:16Z INFO ActionCommandManager] Register action command extension for command group
[2026-09-25 09:42:16Z INFO ActionCommandManager] Register action command extension for command endgroup
[2026-09-25 09:42:16Z INFO ActionCommandManager] Register action command extension for command echo
[2026-09-25 09:42:16Z INFO ScriptHandler] Which2: 'bash'
[2026-09-25 09:42:16Z INFO ScriptHandler] bash: command not found. Make sure 'bash' is installed and its location included in the 'Path' environment variable.
[2026-09-25 09:42:16Z ERR  StepsRunner] Caught exception from step: System.IO.FileNotFoundException: bash: command not found
File name: 'bash'
   at GitHub.Runner.Sdk.WhichUtil.Which(String command, Boolean require, ITraceWriter trace, String prependPath)
   at GitHub.Runner.Worker.Handlers.ScriptHandler.PrintActionDetails(ActionRunStage stage)
   at GitHub.Runner.Worker.Handlers.Handler.PrepareExecution(ActionRunStage stage)
   at GitHub.Runner.Worker.ActionRunner.RunAsync()
   at GitHub.Runner.Worker.StepsRunner.RunStepAsync(IStep step, CancellationToken jobCancellationToken)
[2026-09-25 09:42:16Z INFO StepsRunner] Step result: Failed
[2026-09-25 09:42:16Z INFO StepsRunner] Update job result with current step result 'Failed'.
[2026-09-25 09:42:16Z INFO StepsRunner] Current state: job state = 'Failed'
[2026-09-25 09:42:16Z INFO JobRunner] Finalize job.
[2026-09-25 09:42:16Z INFO HostContext] Well known directory 'Bin': 'C:\Users\Escatron\proyectoGit\bin'
[2026-09-25 09:42:16Z INFO HostContext] Well known directory 'Root': 'C:\Users\Escatron\proyectoGit'
[2026-09-25 09:42:16Z INFO HostContext] Well known directory 'Diag': 'C:\Users\Escatron\proyectoGit\_diag'
[2026-09-25 09:42:16Z INFO HostContext] Well known directory 'Bin': 'C:\Users\Escatron\proyectoGit\bin'
[2026-09-25 09:42:16Z INFO HostContext] Well known directory 'Root': 'C:\Users\Escatron\proyectoGit'
[2026-09-25 09:42:16Z INFO HostContext] Well known directory 'Diag': 'C:\Users\Escatron\proyectoGit\_diag'
[2026-09-25 09:42:16Z INFO JobExtension] Initialize Env context
[2026-09-25 09:42:16Z INFO JobExtension] Initialize steps context
[2026-09-25 09:42:16Z INFO JobExtension] Total accessible running process: 368.
[2026-09-25 09:42:16Z INFO JobExtension] Wait for all connectivity checks to finish.
[2026-09-25 09:42:16Z INFO JobExtension] Connectivity check result: {
  "endpointUrl": "https://broker.actions.githubusercontent.com/health",
  "endpointIPs": null,
  "startTime": "2026-09-25T09:42:15.9891605Z",
  "statusCode": "http_OK",
  "requestId": "D263:2DD882:110BC6D:11A0CA4:6AB641F6",
  "httpRequestDurationInMs": 299,
  "dnsResolutionDurationInMs": 0,
  "dnsError": null
}
[2026-09-25 09:42:16Z INFO JobExtension] Connectivity check result: {
  "endpointUrl": "https://token.actions.githubusercontent.com/ready",
  "endpointIPs": null,
  "startTime": "2026-09-25T09:42:15.9925989Z",
  "statusCode": "http_NoContent",
  "requestId": "D265:121525:728D15:8BA7D0:6AB641F7",
  "httpRequestDurationInMs": 337,
  "dnsResolutionDurationInMs": 0,
  "dnsError": null
}
[2026-09-25 09:42:16Z INFO JobExtension] Connectivity check result: {
  "endpointUrl": "https://run.actions.githubusercontent.com/health",
  "endpointIPs": null,
  "startTime": "2026-09-25T09:42:15.9927183Z",
  "statusCode": "http_OK",
  "requestId": "D264:E0297:1096194:112AF69:6AB641F6",
  "httpRequestDurationInMs": 281,
  "dnsResolutionDurationInMs": 0,
  "dnsError": null
}
[2026-09-25 09:42:16Z INFO ExecutionContext] Publish step telemetry for current step {
  "action": "complete_job",
  "type": "runner",
  "stage": "Post",
  "stepId": "3b66500d-3ac5-4333-ae36-eda48d597433",
  "result": "succeeded",
  "errorMessages": [],
  "executionTimeInSeconds": 1,
  "startTime": "2026-09-25T09:42:16.8793075Z",
  "finishTime": "2026-09-25T09:42:16.892449Z"
}.
[2026-09-25 09:42:16Z INFO JobRunner] Job result after all job steps finish: Failed
[2026-09-25 09:42:16Z INFO JobRunner] Completing the job execution context.
[2026-09-25 09:42:16Z INFO JobRunner] Shutting down the job server queue.
[2026-09-25 09:42:16Z INFO JobServerQueue] Fire signal to shutdown all queues.
[2026-09-25 09:42:17Z INFO JobServerQueue] All queue process task stopped.
[2026-09-25 09:42:17Z INFO JobServerQueue] Try to append 1 batches web console lines for record '6295a666-89ef-4d12-9c99-d7273b16878c', success rate: 1/1.
[2026-09-25 09:42:17Z INFO JobServerQueue] Try to append 1 batches web console lines for record '3b66500d-3ac5-4333-ae36-eda48d597433', success rate: 1/1.
[2026-09-25 09:42:17Z INFO JobServerQueue] Web console line queue drained.
[2026-09-25 09:42:17Z INFO JobServerQueue] Uploading 4 files in one shot.
[2026-09-25 09:42:17Z INFO JobServerQueue] Try to upload 4 log files or attachments, success rate: 4/4.
[2026-09-25 09:42:17Z INFO JobServerQueue] File upload queue drained.
[2026-09-25 09:42:17Z INFO JobServerQueue] Starting results-based upload queue...
[2026-09-25 09:42:17Z INFO JobServerQueue] Uploading 4 file(s) in one shot through results service.
[2026-09-25 09:42:17Z INFO JobServerQueue] Got a step log file to send to results service.
[2026-09-25 09:42:17Z INFO JobServerQueue] Starting upload of step log file to results service ResultsLog, C:\Users\Escatron\proyectoGit\_diag\blocks\f3d72571-f2cf-4db3-87d4-aecf83d1095f_e3ca2136-170c-4d7b-9365-12ea46b708a5.1
[2026-09-25 09:42:17Z INFO JobServerQueue] Got a step log file to send to results service.
[2026-09-25 09:42:17Z INFO JobServerQueue] Starting upload of step log file to results service ResultsLog, C:\Users\Escatron\proyectoGit\_diag\blocks\f3d72571-f2cf-4db3-87d4-aecf83d1095f_6295a666-89ef-4d12-9c99-d7273b16878c.1
[2026-09-25 09:42:18Z INFO JobServerQueue] Got a step log file to send to results service.
[2026-09-25 09:42:18Z INFO JobServerQueue] Starting upload of step log file to results service ResultsLog, C:\Users\Escatron\proyectoGit\_diag\blocks\f3d72571-f2cf-4db3-87d4-aecf83d1095f_3b66500d-3ac5-4333-ae36-eda48d597433.1
[2026-09-25 09:42:18Z INFO JobServerQueue] Got a job log file to send to results service.
[2026-09-25 09:42:18Z INFO JobServerQueue] Starting upload of job log file to results service ResultsLog, C:\Users\Escatron\proyectoGit\_diag\blocks\f3d72571-f2cf-4db3-87d4-aecf83d1095f_6456618b-a856-5ed4-aacb-1aaca259e550.1
[2026-09-25 09:42:19Z INFO JobServerQueue] Tried to upload 4 file(s) to results, success rate: 4/4.
[2026-09-25 09:42:19Z INFO JobServerQueue] Results upload queue drained.
[2026-09-25 09:42:19Z INFO JobServerQueue] Timeline update queue drained.
[2026-09-25 09:42:19Z INFO JobServerQueue] Disposing job server ...
[2026-09-25 09:42:19Z INFO JobServerQueue] Disposing results server ...
[2026-09-25 09:42:19Z INFO JobServerQueue] All queue process tasks have been stopped, and all queues are drained.
[2026-09-25 09:42:19Z INFO TempDirectoryManager] Cleaning runner temp folder: C:\Users\Escatron\proyectoGit\_work\_temp
[2026-09-25 09:42:19Z INFO HostContext] Well known directory 'Bin': 'C:\Users\Escatron\proyectoGit\bin'
[2026-09-25 09:42:19Z INFO HostContext] Well known directory 'Root': 'C:\Users\Escatron\proyectoGit'
[2026-09-25 09:42:19Z INFO HostContext] Well known directory 'Diag': 'C:\Users\Escatron\proyectoGit\_diag'
[2026-09-25 09:42:19Z INFO HostContext] Well known config file 'Telemetry': 'C:\Users\Escatron\proyectoGit\_diag\.telemetry'
[2026-09-25 09:42:19Z INFO JobRunner] Raising job completed against run service
[2026-09-25 09:42:19Z INFO Worker] Job completed.
