[2026-09-25 09:42:09Z INFO HostContext] No proxy settings were found based on environmental variables (http_proxy/https_proxy/HTTP_PROXY/HTTPS_PROXY)
[2026-09-25 09:42:09Z INFO HostContext] Well known directory 'Bin': 'C:\Users\Escatron\proyectoGit\bin'
[2026-09-25 09:42:09Z INFO HostContext] Well known directory 'Root': 'C:\Users\Escatron\proyectoGit'
[2026-09-25 09:42:09Z INFO HostContext] Well known config file 'Credentials': 'C:\Users\Escatron\proyectoGit\.credentials'
[2026-09-25 09:42:09Z INFO HostContext] Well known directory 'Bin': 'C:\Users\Escatron\proyectoGit\bin'
[2026-09-25 09:42:09Z INFO HostContext] Well known directory 'Root': 'C:\Users\Escatron\proyectoGit'
[2026-09-25 09:42:09Z INFO HostContext] Well known config file 'Runner': 'C:\Users\Escatron\proyectoGit\.runner'
[2026-09-25 09:42:09Z INFO Worker] Version: 2.337.0
[2026-09-25 09:42:09Z INFO Worker] Commit: 397b032cbf865e9c3ddfab89d533ec19325e1273
[2026-09-25 09:42:09Z INFO Worker] Culture: es-ES
[2026-09-25 09:42:09Z INFO Worker] UI Culture: es-ES
[2026-09-25 09:42:09Z INFO Worker] Waiting to receive the job message from the channel.
[2026-09-25 09:42:09Z INFO ProcessChannel] Receiving message of length 22141, with hash 'da266665958ae545f2d63991269fa203a5981899ab5acb19716d6c5ead2b0fad'
[2026-09-25 09:42:09Z INFO Worker] Message received.
[2026-09-25 09:42:09Z INFO Worker] Job message:
 {
  "fileTable": [
    ".github/workflows/prueba.yml"
  ],
  "mask": [
    {
      "type": "regex",
      "value": "***"
    },
    {
      "type": "regex",
      "value": "***"
    },
    {
      "type": "regex",
      "value": "***"
    },
    {
      "type": "regex",
      "value": "***"
    },
    {
      "type": "regex",
      "value": "***"
    },
    {
      "type": "regex",
      "value": "***"
    },
    {
      "type": "regex",
      "value": "***"
    },
    {
      "type": "regex",
      "value": "***"
    },
    {
      "type": "regex",
      "value": "***"
    },
    {
      "type": "regex",
      "value": "***"
    },
    {
      "type": "regex",
      "value": "***"
    },
    {
      "type": "regex",
      "value": "***"
    },
    {
      "type": "regex",
      "value": "***"
    },
    {
      "type": "regex",
      "value": "***"
    },
    {
      "type": "regex",
      "value": "***"
    },
    {
      "type": "regex",
      "value": "***"
    },
    {
      "type": "regex",
      "value": "***"
    },
    {
      "type": "regex",
      "value": "***"
    },
    {
      "type": "regex",
      "value": "***"
    },
    {
      "type": "regex",
      "value": "***"
    },
    {
      "type": "regex",
      "value": "***"
    },
    {
      "type": "regex",
      "value": "***"
    },
    {
      "type": "regex",
      "value": "***"
    },
    {
      "type": "regex",
      "value": "***"
    }
  ],
  "steps": [
    {
      "type": "action",
      "reference": {
        "type": "script"
      },
      "displayNameToken": {
        "type": 0,
        "file": 1,
        "line": 11,
        "col": 15,
        "lit": "Comparar DEV_TOKEN"
      },
      "contextName": "__run",
      "environment": {
        "type": 2,
        "file": 1,
        "line": 14,
        "col": 11,
        "map": [
          {
            "key": {
              "type": 0,
              "file": 1,
              "line": 14,
              "col": 11,
              "lit": "DEV_TOKEN"
            },
            "value": {
              "type": 3,
              "file": 1,
              "line": 14,
              "col": 22,
              "expr": "secrets.DEV_TOKEN"
            }
          }
        ]
      },
      "inputs": {
        "type": 2,
        "map": [
          {
            "key": "script",
            "value": {
              "type": 0,
              "file": 1,
              "line": 15,
              "col": 14,
              "lit": "if ($env:DEV_TOKEN -eq $env:LOCAL_DEV_TOKEN) {\n  Write-Host \"Los tokens coinciden\"\n} else {\n  Write-Host \"Los tokens NO coinciden\"\n  exit 1\n}\n"
            }
          },
          {
            "key": "shell",
            "value": {
              "type": 0,
              "file": 1,
              "line": 12,
              "col": 16,
              "lit": "powershell"
            }
          }
        ]
      },
      "condition": "success()",
      "id": "6c5c513b-fc45-4bf1-902f-67870c608eea",
      "name": "__run"
    }
  ],
  "variables": {
    "Actions.EnableHttpRedirects": {
      "value": "true"
    },
    "DEV_TOKEN": {
      "value": "***",
      "isSecret": true
    },
    "DistributedTask.AddWarningToNode12Action": {
      "value": "true"
    },
    "DistributedTask.AddWarningToNode16Action": {
      "value": "true"
    },
    "DistributedTask.AllowRunnerContainerHooks": {
      "value": "true"
    },
    "DistributedTask.DeprecateStepOutputCommands": {
      "value": "true"
    },
    "DistributedTask.DetailUntarFailure": {
      "value": "true"
    },
    "DistributedTask.EnableCompositeActions": {
      "value": "true"
    },
    "DistributedTask.EnableJobServerQueueTelemetry": {
      "value": "true"
    },
    "DistributedTask.EnhancedAnnotations": {
      "value": "true"
    },
    "DistributedTask.ForceGithubJavascriptActionsToNode16": {
      "value": "true"
    },
    "DistributedTask.ForceGithubJavascriptActionsToNode20": {
      "value": "true"
    },
    "DistributedTask.LogTemplateErrorsAsDebugMessages": {
      "value": "true"
    },
    "DistributedTask.MarkJobAsFailedOnWorkerCrash": {
      "value": "true"
    },
    "DistributedTask.NewActionMetadata": {
      "value": "true"
    },
    "DistributedTask.UploadStepSummary": {
      "value": "true"
    },
    "DistributedTask.UseActionArchiveCache": {
      "value": "true"
    },
    "DistributedTask.UseWhich2": {
      "value": "true"
    },
    "RunService.FixEmbeddedIssues": {
      "value": "true"
    },
    "actions.runner.requirenode24": {
      "value": "true"
    },
    "actions.runner.usenode24bydefault": {
      "value": "true"
    },
    "actions.runner.warnonnode20": {
      "value": "true"
    },
    "actions_add_check_run_id_to_job_context": {
      "value": "true"
    },
    "actions_batch_action_resolution": {
      "value": "false"
    },
    "actions_cache_mode": {
      "value": "write"
    },
    "actions_container_action_runner_temp": {
      "value": "true"
    },
    "actions_display_helpful_actions_download_errors": {
      "value": "true"
    },
    "actions_runner_allow_artifacts_file": {
      "value": "false"
    },
    "actions_runner_compare_workflow_parser": {
      "value": "false"
    },
    "actions_runner_deprecate_linux_arm32": {
      "value": "true"
    },
    "actions_runner_emit_composite_markers": {
      "value": "true"
    },
    "actions_runner_kill_linux_arm32": {
      "value": "false"
    },
    "actions_runner_node20_removal_date": {
      "value": "September 23rd, 2026"
    },
    "actions_runner_node24_default_date": {
      "value": "June 16th, 2026"
    },
    "actions_self_repository": {
      "value": "true"
    },
    "actions_service_container_command": {
      "value": "true"
    },
    "actions_set_orchestration_id_env_for_actions": {
      "value": "true"
    },
    "actions_skip_retry_complete_job_upon_known_errors": {
      "value": "true"
    },
    "actions_snapshot_preflight_hosted_runner_check": {
      "value": "false"
    },
    "actions_snapshot_preflight_image_gen_pool_check": {
      "value": "false"
    },
    "actions_use_bearer_token_for_codeload": {
      "value": "false"
    },
    "actions_uses_cache_service_v2": {
      "value": "true"
    },
    "github_token": {
      "value": "***",
      "isSecret": true
    },
    "system.from_run_service": {
      "value": "true"
    },
    "system.github.job": {
      "value": "comprobar-token"
    },
    "system.github.launch_endpoint": {
      "value": "https://launch.actions.githubusercontent.com"
    },
    "system.github.results_endpoint": {
      "value": "https://results-receiver.actions.githubusercontent.com/"
    },
    "system.github.results_upload_with_sdk": {
      "value": "true"
    },
    "system.github.token": {
      "value": "***",
      "isSecret": true
    },
    "system.github.token.permissions": {
      "value": "{\"Actions\":\"write\",\"ArtifactMetadata\":\"write\",\"Attestations\":\"write\",\"Checks\":\"write\",\"CodeQuality\":\"write\",\"Contents\":\"write\",\"CopilotRequests\":\"write\",\"Deployments\":\"write\",\"Discussions\":\"write\",\"Drives\":\"write\",\"Issues\":\"write\",\"Metadata\":\"read\",\"Models\":\"read\",\"Packages\":\"write\",\"Pages\":\"write\",\"PullRequests\":\"write\",\"RepositoryProjects\":\"write\",\"SecurityEvents\":\"write\",\"Statuses\":\"write\",\"VulnerabilityAlerts\":\"read\"}"
    },
    "system.orchestrationId": {
      "value": "1ca31f88-cd65-4de5-b54a-9b96eeede8af.comprobar-token.__default"
    },
    "system.phaseDisplayName": {
      "value": "comprobar-token"
    },
    "system.runner.lowdiskspacethreshold": {
      "value": "100"
    },
    "system.runnerEnvironment": {
      "value": "self-hosted"
    },
    "system.runnerGroupName": {
      "value": "Default"
    }
  },
  "messageType": "RunnerJobRequest",
  "plan": {
    "scopeIdentifier": "00000000-0000-0000-0000-000000000000",
    "planType": "actions",
    "version": 0,
    "planId": "1ca31f88-cd65-4de5-b54a-9b96eeede8af",
    "planGroup": null,
    "artifactUri": null,
    "artifactLocation": null,
    "definition": null,
    "owner": null
  },
  "timeline": {
    "id": "1ca31f88-cd65-4de5-b54a-9b96eeede8af",
    "changeId": 0,
    "location": null
  },
  "jobId": "916f509b-2c0e-56ed-b17b-954191681240",
  "jobDisplayName": "comprobar-token",
  "jobName": "__default",
  "requestId": 0,
  "lockedUntil": "0001-01-01T00:00:00",
  "resources": {
    "endpoints": [
      {
        "data": {
          "ServerId": "",
          "ServerName": "",
          "CacheServerUrl": "https://artifactcache.actions.githubusercontent.com/kyX0Q5oVj5k2PcMDP7p0d7kkyN7x3im9oQx71AAQjhHJN181Yw/",
          "FeedStreamUrl": "wss://results-receiver.actions.githubusercontent.com/_ws/ingest.sock",
          "ResultsServiceUrl": "https://results-receiver.actions.githubusercontent.com/",
          "PipelinesServiceUrl": "https://pipelinesghubeus8.actions.githubusercontent.com/kyX0Q5oVj5k2PcMDP7p0d7kkyN7x3im9oQx71AAQjhHJN181Yw/",
          "GenerateIdTokenUrl": "",
          "ConnectivityChecks": "[\"https://broker.actions.githubusercontent.com/health\",\"https://token.actions.githubusercontent.com/ready\",\"https://run.actions.githubusercontent.com/health\"]",
          "ConnectivityAndDNSChecks": ""
        },
        "name": "SystemVssConnection",
        "url": "https://run-actions-1-azure-eastus.actions.githubusercontent.com/90/",
        "authorization": {
          "parameters": {
            "AccessToken": "***"
          },
          "scheme": "OAuth"
        },
        "isShared": false,
        "isReady": true
      }
    ]
  },
  "contextData": {
    "github": {
      "t": 2,
      "d": [
        {
          "k": "ref",
          "v": "refs/heads/main"
        },
        {
          "k": "sha",
          "v": "6e69a9754a437dd24dda20e22e413b3a17f72b39"
        },
        {
          "k": "repository",
          "v": "SheilaCesur/proyectoGitHub"
        },
        {
          "k": "repository_owner",
          "v": "SheilaCesur"
        },
        {
          "k": "repository_owner_id",
          "v": "330824191"
        },
        {
          "k": "repositoryUrl",
          "v": "git://github.com/SheilaCesur/proyectoGitHub.git"
        },
        {
          "k": "run_id",
          "v": "36112332999"
        },
        {
          "k": "run_number",
          "v": "10"
        },
        {
          "k": "retention_days",
          "v": "90"
        },
        {
          "k": "run_attempt",
          "v": "1"
        },
        {
          "k": "artifact_cache_size_limit",
          "v": "10"
        },
        {
          "k": "repository_visibility",
          "v": "public"
        },
        {
          "k": "actor_id",
          "v": "330824191"
        },
        {
          "k": "actor",
          "v": "SheilaCesur"
        },
        {
          "k": "workflow",
          "v": "Prueba tokens"
        },
        {
          "k": "head_ref",
          "v": ""
        },
        {
          "k": "base_ref",
          "v": ""
        },
        {
          "k": "event_name",
          "v": "push"
        },
        {
          "k": "server_url",
          "v": "https://github.com"
        },
        {
          "k": "api_url",
          "v": "https://api.github.com"
        },
        {
          "k": "graphql_url",
          "v": "https://api.github.com/graphql"
        },
        {
          "k": "ref_name",
          "v": "main"
        },
        {
          "k": "ref_protected",
          "v": false
        },
        {
          "k": "ref_type",
          "v": "branch"
        },
        {
          "k": "secret_source",
          "v": "Actions"
        },
        {
          "k": "event",
          "v": {
            "t": 2,
            "d": [
              {
                "k": "after",
                "v": "6e69a9754a437dd24dda20e22e413b3a17f72b39"
              },
              {
                "k": "base_ref",
                "v": null
              },
              {
                "k": "before",
                "v": "a2a003686d9ce090d1c902688ad3659b0a3dd688"
              },
              {
                "k": "commits",
                "v": {
                  "t": 1
                }
              },
              {
                "k": "compare",
                "v": "https://github.com/SheilaCesur/proyectoGitHub/compare/a2a003686d9c...6e69a9754a43"
              },
              {
                "k": "created",
                "v": false
              },
              {
                "k": "deleted",
                "v": false
              },
              {
                "k": "forced",
                "v": true
              },
              {
                "k": "head_commit",
                "v": {
                  "t": 2,
                  "d": [
                    {
                      "k": "author",
                      "v": {
                        "t": 2,
                        "d": [
                          {
                            "k": "email",
                            "v": "sheila.s460556@cesurformacion.com"
                          },
                          {
                            "k": "name",
                            "v": "Sheila Gomez Cruz"
                          },
                          {
                            "k": "username",
                            "v": "SheilaCesur"
                          }
                        ]
                      }
                    },
                    {
                      "k": "committer",
                      "v": {
                        "t": 2,
                        "d": [
                          {
                            "k": "email",
                            "v": "sheila.s460556@cesurformacion.com"
                          },
                          {
                            "k": "name",
                            "v": "Sheila Gomez Cruz"
                          },
                          {
                            "k": "username",
                            "v": "SheilaCesur"
                          }
                        ]
                      }
                    },
                    {
                      "k": "distinct",
                      "v": true
                    },
                    {
                      "k": "id",
                      "v": "6e69a9754a437dd24dda20e22e413b3a17f72b39"
                    },
                    {
                      "k": "message",
                      "v": "Probar fallo token"
                    },
                    {
                      "k": "timestamp",
                      "v": "2026-09-24T11:45:30+02:00"
                    },
                    {
                      "k": "tree_id",
                      "v": "fa725fb16e8c96ce7b110000388152792f7b384d"
                    },
                    {
                      "k": "url",
                      "v": "https://github.com/SheilaCesur/proyectoGitHub/commit/6e69a9754a437dd24dda20e22e413b3a17f72b39"
                    }
                  ]
                }
              },
              {
                "k": "pusher",
                "v": {
                  "t": 2,
                  "d": [
                    {
                      "k": "email",
                      "v": "sheila.s460556@cesurformacion.com"
                    },
                    {
                      "k": "name",
                      "v": "SheilaCesur"
                    }
                  ]
                }
              },
              {
                "k": "ref",
                "v": "refs/heads/main"
              },
              {
                "k": "repository",
                "v": {
                  "t": 2,
                  "d": [
                    {
                      "k": "allow_forking",
                      "v": true
                    },
                    {
                      "k": "archive_url",
                      "v": "https://api.github.com/repos/SheilaCesur/proyectoGitHub/{archive_format}{/ref}"
                    },
                    {
                      "k": "archived",
                      "v": false
                    },
                    {
                      "k": "assignees_url",
                      "v": "https://api.github.com/repos/SheilaCesur/proyectoGitHub/assignees{/user}"
                    },
                    {
                      "k": "blobs_url",
                      "v": "https://api.github.com/repos/SheilaCesur/proyectoGitHub/git/blobs{/sha}"
                    },
                    {
                      "k": "branches_url",
                      "v": "https://api.github.com/repos/SheilaCesur/proyectoGitHub/branches{/branch}"
                    },
                    {
                      "k": "clone_url",
                      "v": "https://github.com/SheilaCesur/proyectoGitHub.git"
                    },
                    {
                      "k": "collaborators_url",
                      "v": "https://api.github.com/repos/SheilaCesur/proyectoGitHub/collaborators{/collaborator}"
                    },
                    {
                      "k": "comments_url",
                      "v": "https://api.github.com/repos/SheilaCesur/proyectoGitHub/comments{/number}"
                    },
                    {
                      "k": "commits_url",
                      "v": "https://api.github.com/repos/SheilaCesur/proyectoGitHub/commits{/sha}"
                    },
                    {
                      "k": "compare_url",
                      "v": "https://api.github.com/repos/SheilaCesur/proyectoGitHub/compare/{base}...{head}"
                    },
                    {
                      "k": "contents_url",
                      "v": "https://api.github.com/repos/SheilaCesur/proyectoGitHub/contents/{+path}"
                    },
                    {
                      "k": "contributors_url",
                      "v": "https://api.github.com/repos/SheilaCesur/proyectoGitHub/contributors"
                    },
                    {
                      "k": "created_at",
                      "v": 1789727258.0
                    },
                    {
                      "k": "default_branch",
                      "v": "main"
                    },
                    {
                      "k": "deployments_url",
                      "v": "https://api.github.com/repos/SheilaCesur/proyectoGitHub/deployments"
                    },
                    {
                      "k": "description",
                      "v": "Tarea FCT"
                    },
                    {
                      "k": "disabled",
                      "v": false
                    },
                    {
                      "k": "downloads_url",
                      "v": "https://api.github.com/repos/SheilaCesur/proyectoGitHub/downloads"
                    },
                    {
                      "k": "events_url",
                      "v": "https://api.github.com/repos/SheilaCesur/proyectoGitHub/events"
                    },
                    {
                      "k": "fork",
                      "v": false
                    },
                    {
                      "k": "forks",
                      "v": 1.0
                    },
                    {
                      "k": "forks_count",
                      "v": 1.0
                    },
                    {
                      "k": "forks_url",
                      "v": "https://api.github.com/repos/SheilaCesur/proyectoGitHub/forks"
                    },
                    {
                      "k": "full_name",
                      "v": "SheilaCesur/proyectoGitHub"
                    },
                    {
                      "k": "git_commits_url",
                      "v": "https://api.github.com/repos/SheilaCesur/proyectoGitHub/git/commits{/sha}"
                    },
                    {
                      "k": "git_refs_url",
                      "v": "https://api.github.com/repos/SheilaCesur/proyectoGitHub/git/refs{/sha}"
                    },
                    {
                      "k": "git_tags_url",
                      "v": "https://api.github.com/repos/SheilaCesur/proyectoGitHub/git/tags{/sha}"
                    },
                    {
                      "k": "git_url",
                      "v": "git://github.com/SheilaCesur/proyectoGitHub.git"
                    },
                    {
                      "k": "has_discussions",
                      "v": false
                    },
                    {
                      "k": "has_downloads",
                      "v": true
                    },
                    {
                      "k": "has_issues",
                      "v": true
                    },
                    {
                      "k": "has_pages",
                      "v": false
                    },
                    {
                      "k": "has_projects",
                      "v": true
                    },
                    {
                      "k": "has_pull_requests",
                      "v": true
                    },
                    {
                      "k": "has_wiki",
                      "v": true
                    },
                    {
                      "k": "homepage",
                      "v": null
                    },
                    {
                      "k": "hooks_url",
                      "v": "https://api.github.com/repos/SheilaCesur/proyectoGitHub/hooks"
                    },
                    {
                      "k": "html_url",
                      "v": "https://github.com/SheilaCesur/proyectoGitHub"
                    },
                    {
                      "k": "id",
                      "v": 1375708494.0
                    },
                    {
                      "k": "is_template",
                      "v": false
                    },
                    {
                      "k": "issue_comment_url",
                      "v": "https://api.github.com/repos/SheilaCesur/proyectoGitHub/issues/comments{/number}"
                    },
                    {
                      "k": "issue_events_url",
                      "v": "https://api.github.com/repos/SheilaCesur/proyectoGitHub/issues/events{/number}"
                    },
                    {
                      "k": "issues_url",
                      "v": "https://api.github.com/repos/SheilaCesur/proyectoGitHub/issues{/number}"
                    },
                    {
                      "k": "keys_url",
                      "v": "https://api.github.com/repos/SheilaCesur/proyectoGitHub/keys{/key_id}"
                    },
                    {
                      "k": "labels_url",
                      "v": "https://api.github.com/repos/SheilaCesur/proyectoGitHub/labels{/name}"
                    },
                    {
                      "k": "language",
                      "v": "JavaScript"
                    },
                    {
                      "k": "languages_url",
                      "v": "https://api.github.com/repos/SheilaCesur/proyectoGitHub/languages"
                    },
                    {
                      "k": "license",
                      "v": null
                    },
                    {
                      "k": "master_branch",
                      "v": "main"
                    },
                    {
                      "k": "merges_url",
                      "v": "https://api.github.com/repos/SheilaCesur/proyectoGitHub/merges"
                    },
                    {
                      "k": "milestones_url",
                      "v": "https://api.github.com/repos/SheilaCesur/proyectoGitHub/milestones{/number}"
                    },
                    {
                      "k": "mirror_url",
                      "v": null
                    },
                    {
                      "k": "name",
                      "v": "proyectoGitHub"
                    },
                    {
                      "k": "node_id",
                      "v": "R_kgDOUf-lTg"
                    },
                    {
                      "k": "notifications_url",
                      "v": "https://api.github.com/repos/SheilaCesur/proyectoGitHub/notifications{?since,all,participating}"
                    },
                    {
                      "k": "open_issues",
                      "v": 0.0
                    },
                    {
                      "k": "open_issues_count",
                      "v": 0.0
                    },
                    {
                      "k": "owner",
                      "v": {
                        "t": 2,
                        "d": [
                          {
                            "k": "avatar_url",
                            "v": "https://avatars.githubusercontent.com/u/330824191?v=4"
                          },
                          {
                            "k": "email",
                            "v": "sheila.s460556@cesurformacion.com"
                          },
                          {
                            "k": "events_url",
                            "v": "https://api.github.com/users/SheilaCesur/events{/privacy}"
                          },
                          {
                            "k": "followers_url",
                            "v": "https://api.github.com/users/SheilaCesur/followers"
                          },
                          {
                            "k": "following_url",
                            "v": "https://api.github.com/users/SheilaCesur/following{/other_user}"
                          },
                          {
                            "k": "gists_url",
                            "v": "https://api.github.com/users/SheilaCesur/gists{/gist_id}"
                          },
                          {
                            "k": "gravatar_id",
                            "v": ""
                          },
                          {
                            "k": "html_url",
                            "v": "https://github.com/SheilaCesur"
                          },
                          {
                            "k": "id",
                            "v": 330824191.0
                          },
                          {
                            "k": "login",
                            "v": "SheilaCesur"
                          },
                          {
                            "k": "name",
                            "v": "SheilaCesur"
                          },
                          {
                            "k": "node_id",
                            "v": "U_kgDOE7f5_w"
                          },
                          {
                            "k": "organizations_url",
                            "v": "https://api.github.com/users/SheilaCesur/orgs"
                          },
                          {
                            "k": "received_events_url",
                            "v": "https://api.github.com/users/SheilaCesur/received_events"
                          },
                          {
                            "k": "repos_url",
                            "v": "https://api.github.com/users/SheilaCesur/repos"
                          },
                          {
                            "k": "site_admin",
                            "v": false
                          },
                          {
                            "k": "starred_url",
                            "v": "https://api.github.com/users/SheilaCesur/starred{/owner}{/repo}"
                          },
                          {
                            "k": "subscriptions_url",
                            "v": "https://api.github.com/users/SheilaCesur/subscriptions"
                          },
                          {
                            "k": "type",
                            "v": "User"
                          },
                          {
                            "k": "url",
                            "v": "https://api.github.com/users/SheilaCesur"
                          },
                          {
                            "k": "user_view_type",
                            "v": "public"
                          }
                        ]
                      }
                    },
                    {
                      "k": "private",
                      "v": false
                    },
                    {
                      "k": "pull_request_creation_policy",
                      "v": "all"
                    },
                    {
                      "k": "pulls_url",
                      "v": "https://api.github.com/repos/SheilaCesur/proyectoGitHub/pulls{/number}"
                    },
                    {
                      "k": "pushed_at",
                      "v": 1790324394.0
                    },
                    {
                      "k": "releases_url",
                      "v": "https://api.github.com/repos/SheilaCesur/proyectoGitHub/releases{/id}"
                    },
                    {
                      "k": "size",
                      "v": 183459.0
                    },
                    {
                      "k": "ssh_url",
                      "v": "git@github.com:SheilaCesur/proyectoGitHub.git"
                    },
                    {
                      "k": "stargazers",
                      "v": 0.0
                    },
                    {
                      "k": "stargazers_count",
                      "v": 0.0
                    },
                    {
                      "k": "stargazers_url",
                      "v": "https://api.github.com/repos/SheilaCesur/proyectoGitHub/stargazers"
                    },
                    {
                      "k": "statuses_url",
                      "v": "https://api.github.com/repos/SheilaCesur/proyectoGitHub/statuses/{sha}"
                    },
                    {
                      "k": "subscribers_url",
                      "v": "https://api.github.com/repos/SheilaCesur/proyectoGitHub/subscribers"
                    },
                    {
                      "k": "subscription_url",
                      "v": "https://api.github.com/repos/SheilaCesur/proyectoGitHub/subscription"
                    },
                    {
                      "k": "svn_url",
                      "v": "https://github.com/SheilaCesur/proyectoGitHub"
                    },
                    {
                      "k": "tags_url",
                      "v": "https://api.github.com/repos/SheilaCesur/proyectoGitHub/tags"
                    },
                    {
                      "k": "teams_url",
                      "v": "https://api.github.com/repos/SheilaCesur/proyectoGitHub/teams"
                    },
                    {
                      "k": "topics",
                      "v": {
                        "t": 1
                      }
                    },
                    {
                      "k": "trees_url",
                      "v": "https://api.github.com/repos/SheilaCesur/proyectoGitHub/git/trees{/sha}"
                    },
                    {
                      "k": "updated_at",
                      "v": "2026-09-24T14:09:09Z"
                    },
                    {
                      "k": "url",
                      "v": "https://api.github.com/repos/SheilaCesur/proyectoGitHub"
                    },
                    {
                      "k": "visibility",
                      "v": "public"
                    },
                    {
                      "k": "watchers",
                      "v": 0.0
                    },
                    {
                      "k": "watchers_count",
                      "v": 0.0
                    },
                    {
                      "k": "web_commit_signoff_required",
                      "v": false
                    }
                  ]
                }
              },
              {
                "k": "sender",
                "v": {
                  "t": 2,
                  "d": [
                    {
                      "k": "avatar_url",
                      "v": "https://avatars.githubusercontent.com/u/330824191?v=4"
                    },
                    {
                      "k": "events_url",
                      "v": "https://api.github.com/users/SheilaCesur/events{/privacy}"
                    },
                    {
                      "k": "followers_url",
                      "v": "https://api.github.com/users/SheilaCesur/followers"
                    },
                    {
                      "k": "following_url",
                      "v": "https://api.github.com/users/SheilaCesur/following{/other_user}"
                    },
                    {
                      "k": "gists_url",
                      "v": "https://api.github.com/users/SheilaCesur/gists{/gist_id}"
                    },
                    {
                      "k": "gravatar_id",
                      "v": ""
                    },
                    {
                      "k": "html_url",
                      "v": "https://github.com/SheilaCesur"
                    },
                    {
                      "k": "id",
                      "v": 330824191.0
                    },
                    {
                      "k": "login",
                      "v": "SheilaCesur"
                    },
                    {
                      "k": "node_id",
                      "v": "U_kgDOE7f5_w"
                    },
                    {
                      "k": "organizations_url",
                      "v": "https://api.github.com/users/SheilaCesur/orgs"
                    },
                    {
                      "k": "received_events_url",
                      "v": "https://api.github.com/users/SheilaCesur/received_events"
                    },
                    {
                      "k": "repos_url",
                      "v": "https://api.github.com/users/SheilaCesur/repos"
                    },
                    {
                      "k": "site_admin",
                      "v": false
                    },
                    {
                      "k": "starred_url",
                      "v": "https://api.github.com/users/SheilaCesur/starred{/owner}{/repo}"
                    },
                    {
                      "k": "subscriptions_url",
                      "v": "https://api.github.com/users/SheilaCesur/subscriptions"
                    },
                    {
                      "k": "type",
                      "v": "User"
                    },
                    {
                      "k": "url",
                      "v": "https://api.github.com/users/SheilaCesur"
                    },
                    {
                      "k": "user_view_type",
                      "v": "public"
                    }
                  ]
                }
              }
            ]
          }
        },
        {
          "k": "workflow_ref",
          "v": "SheilaCesur/proyectoGitHub/.github/workflows/prueba.yml@refs/heads/main"
        },
        {
          "k": "workflow_sha",
          "v": "6e69a9754a437dd24dda20e22e413b3a17f72b39"
        },
        {
          "k": "repository_id",
          "v": "1375708494"
        },
        {
          "k": "triggering_actor",
          "v": "SheilaCesur"
        }
      ]
    },
    "inputs": {
      "t": 2
    },
    "job": {
      "t": 2,
      "d": [
        {
          "k": "check_run_id",
          "v": 107998405844.0
        },
        {
          "k": "workflow_ref",
          "v": "SheilaCesur/proyectoGitHub/.github/workflows/prueba.yml@refs/heads/main"
        },
        {
          "k": "workflow_sha",
          "v": "6e69a9754a437dd24dda20e22e413b3a17f72b39"
        },
        {
          "k": "workflow_repository",
          "v": "SheilaCesur/proyectoGitHub"
        },
        {
          "k": "workflow_file_path",
          "v": ".github/workflows/prueba.yml"
        }
      ]
    },
    "matrix": null,
    "needs": {
      "t": 2
    },
    "strategy": {
      "t": 2,
      "d": [
        {
          "k": "fail-fast",
          "v": true
        },
        {
          "k": "job-index",
          "v": 0.0
        },
        {
          "k": "job-total",
          "v": 1.0
        },
        {
          "k": "max-parallel",
          "v": 1.0
        }
      ]
    },
    "vars": {
      "t": 2
    }
  },
  "billingOwnerId": "U_kgDOE7f5_w"
}
[2026-09-25 09:42:09Z INFO JobRunner] Job ID 916f509b-2c0e-56ed-b17b-954191681240
[2026-09-25 09:42:09Z INFO ConfigurationStore] currentAssemblyLocation: C:\Users\Escatron\proyectoGit\bin\Runner.Worker.dll
[2026-09-25 09:42:09Z INFO HostContext] Well known directory 'Bin': 'C:\Users\Escatron\proyectoGit\bin'
[2026-09-25 09:42:09Z INFO ConfigurationStore] binPath: C:\Users\Escatron\proyectoGit\bin
[2026-09-25 09:42:09Z INFO HostContext] Well known directory 'Bin': 'C:\Users\Escatron\proyectoGit\bin'
[2026-09-25 09:42:09Z INFO HostContext] Well known directory 'Root': 'C:\Users\Escatron\proyectoGit'
[2026-09-25 09:42:09Z INFO ConfigurationStore] RootFolder: C:\Users\Escatron\proyectoGit
[2026-09-25 09:42:09Z INFO HostContext] Well known directory 'Bin': 'C:\Users\Escatron\proyectoGit\bin'
[2026-09-25 09:42:09Z INFO HostContext] Well known directory 'Root': 'C:\Users\Escatron\proyectoGit'
[2026-09-25 09:42:09Z INFO HostContext] Well known config file 'Runner': 'C:\Users\Escatron\proyectoGit\.runner'
[2026-09-25 09:42:09Z INFO ConfigurationStore] ConfigFilePath: C:\Users\Escatron\proyectoGit\.runner
[2026-09-25 09:42:09Z INFO HostContext] Well known directory 'Bin': 'C:\Users\Escatron\proyectoGit\bin'
[2026-09-25 09:42:09Z INFO HostContext] Well known directory 'Root': 'C:\Users\Escatron\proyectoGit'
[2026-09-25 09:42:09Z INFO HostContext] Well known config file 'MigratedRunner': 'C:\Users\Escatron\proyectoGit\.runner_migrated'
[2026-09-25 09:42:09Z INFO ConfigurationStore] MigratedConfigFilePath: C:\Users\Escatron\proyectoGit\.runner_migrated
[2026-09-25 09:42:09Z INFO HostContext] Well known directory 'Bin': 'C:\Users\Escatron\proyectoGit\bin'
[2026-09-25 09:42:09Z INFO HostContext] Well known directory 'Root': 'C:\Users\Escatron\proyectoGit'
[2026-09-25 09:42:09Z INFO HostContext] Well known config file 'Credentials': 'C:\Users\Escatron\proyectoGit\.credentials'
[2026-09-25 09:42:09Z INFO ConfigurationStore] CredFilePath: C:\Users\Escatron\proyectoGit\.credentials
[2026-09-25 09:42:09Z INFO HostContext] Well known directory 'Bin': 'C:\Users\Escatron\proyectoGit\bin'
[2026-09-25 09:42:09Z INFO HostContext] Well known directory 'Root': 'C:\Users\Escatron\proyectoGit'
[2026-09-25 09:42:09Z INFO HostContext] Well known config file 'MigratedCredentials': 'C:\Users\Escatron\proyectoGit\.credentials_migrated'
[2026-09-25 09:42:09Z INFO ConfigurationStore] MigratedCredFilePath: C:\Users\Escatron\proyectoGit\.credentials_migrated
[2026-09-25 09:42:09Z INFO HostContext] Well known directory 'Bin': 'C:\Users\Escatron\proyectoGit\bin'
[2026-09-25 09:42:09Z INFO HostContext] Well known directory 'Root': 'C:\Users\Escatron\proyectoGit'
[2026-09-25 09:42:09Z INFO HostContext] Well known config file 'Service': 'C:\Users\Escatron\proyectoGit\.service'
[2026-09-25 09:42:09Z INFO ConfigurationStore] ServiceConfigFilePath: C:\Users\Escatron\proyectoGit\.service
[2026-09-25 09:42:09Z INFO ConfigurationStore] Read setting file: 404 chars
[2026-09-25 09:42:09Z INFO JobRunner] Initializing launch client
[2026-09-25 09:42:09Z INFO JobServerQueue] Initializing results client
[2026-09-25 09:42:09Z INFO ResultServer] Creating websocket client ...wss://results-receiver.actions.githubusercontent.com/_ws/ingest.sock
[2026-09-25 09:42:09Z INFO ResultServer] Attempting to start websocket client with delay 00:00:00.
[2026-09-25 09:42:09Z INFO JobServerQueue] Start process web console line queue.
[2026-09-25 09:42:09Z INFO JobServerQueue] Start process file upload queue.
[2026-09-25 09:42:09Z INFO JobServerQueue] Start results file upload queue.
[2026-09-25 09:42:09Z INFO JobServerQueue] Starting results-based upload queue...
[2026-09-25 09:42:09Z INFO JobServerQueue] Start process timeline update queue.
[2026-09-25 09:42:09Z INFO ExecutionContext] Initializing Job context
[2026-09-25 09:42:09Z INFO ExecutionContext] Initialize GitHub context
[2026-09-25 09:42:09Z INFO ExecutionContext] Initialize Env context
[2026-09-25 09:42:09Z INFO HostContext] Well known directory 'Bin': 'C:\Users\Escatron\proyectoGit\bin'
[2026-09-25 09:42:09Z INFO HostContext] Well known directory 'Root': 'C:\Users\Escatron\proyectoGit'
[2026-09-25 09:42:09Z INFO HostContext] Well known directory 'Diag': 'C:\Users\Escatron\proyectoGit\_diag'
[2026-09-25 09:42:09Z INFO HostContext] Well known directory 'Bin': 'C:\Users\Escatron\proyectoGit\bin'
[2026-09-25 09:42:09Z INFO HostContext] Well known directory 'Root': 'C:\Users\Escatron\proyectoGit'
[2026-09-25 09:42:09Z INFO HostContext] Well known directory 'Diag': 'C:\Users\Escatron\proyectoGit\_diag'
[2026-09-25 09:42:09Z INFO JobRunner] Starting the job execution context.
[2026-09-25 09:42:09Z INFO HostContext] Well known directory 'Bin': 'C:\Users\Escatron\proyectoGit\bin'
[2026-09-25 09:42:09Z INFO HostContext] Well known directory 'Root': 'C:\Users\Escatron\proyectoGit'
[2026-09-25 09:42:09Z INFO HostContext] Well known directory 'Work': 'C:\Users\Escatron\proyectoGit\_work'
[2026-09-25 09:42:09Z INFO JobRunner] Validating directory permissions for: 'C:\Users\Escatron\proyectoGit\_work'
[2026-09-25 09:42:09Z INFO HostContext] Well known directory 'Bin': 'C:\Users\Escatron\proyectoGit\bin'
[2026-09-25 09:42:09Z INFO HostContext] Well known directory 'Root': 'C:\Users\Escatron\proyectoGit'
[2026-09-25 09:42:09Z INFO HostContext] Well known directory 'Work': 'C:\Users\Escatron\proyectoGit\_work'
[2026-09-25 09:42:09Z INFO HostContext] Well known directory 'Tools': 'C:\Users\Escatron\proyectoGit\_work\_tool'
[2026-09-25 09:42:09Z INFO HostContext] Well known directory 'Bin': 'C:\Users\Escatron\proyectoGit\bin'
[2026-09-25 09:42:09Z INFO HostContext] Well known directory 'Root': 'C:\Users\Escatron\proyectoGit'
[2026-09-25 09:42:09Z INFO HostContext] Well known directory 'Work': 'C:\Users\Escatron\proyectoGit\_work'
[2026-09-25 09:42:09Z INFO HostContext] Well known directory 'Temp': 'C:\Users\Escatron\proyectoGit\_work\_temp'
[2026-09-25 09:42:09Z INFO JobRunner] Getting job extension.
[2026-09-25 09:42:09Z INFO JobRunner] Initialize job. Getting all job steps.
[2026-09-25 09:42:09Z INFO HostContext] Well known directory 'Bin': 'C:\Users\Escatron\proyectoGit\bin'
[2026-09-25 09:42:09Z INFO HostContext] Well known directory 'Root': 'C:\Users\Escatron\proyectoGit'
[2026-09-25 09:42:09Z INFO HostContext] Well known directory 'Diag': 'C:\Users\Escatron\proyectoGit\_diag'
[2026-09-25 09:42:09Z INFO HostContext] Well known directory 'Bin': 'C:\Users\Escatron\proyectoGit\bin'
[2026-09-25 09:42:09Z INFO HostContext] Well known directory 'Root': 'C:\Users\Escatron\proyectoGit'
[2026-09-25 09:42:09Z INFO HostContext] Well known directory 'Diag': 'C:\Users\Escatron\proyectoGit\_diag'
[2026-09-25 09:42:09Z INFO HostContext] Well known directory 'Bin': 'C:\Users\Escatron\proyectoGit\bin'
[2026-09-25 09:42:09Z INFO HostContext] Well known directory 'Root': 'C:\Users\Escatron\proyectoGit'
[2026-09-25 09:42:09Z INFO HostContext] Well known config file 'Credentials': 'C:\Users\Escatron\proyectoGit\.credentials'
[2026-09-25 09:42:09Z INFO HostContext] Well known directory 'Bin': 'C:\Users\Escatron\proyectoGit\bin'
[2026-09-25 09:42:09Z INFO HostContext] Well known directory 'Root': 'C:\Users\Escatron\proyectoGit'
[2026-09-25 09:42:09Z INFO HostContext] Well known config file 'SetupInfo': 'C:\Users\Escatron\proyectoGit\.setup_info'
[2026-09-25 09:42:09Z INFO HostContext] Well known directory 'Bin': 'C:\Users\Escatron\proyectoGit\bin'
[2026-09-25 09:42:09Z INFO HostContext] Well known directory 'Root': 'C:\Users\Escatron\proyectoGit'
[2026-09-25 09:42:09Z INFO HostContext] Well known directory 'Work': 'C:\Users\Escatron\proyectoGit\_work'
[2026-09-25 09:42:09Z INFO PipelineDirectoryManager] Loading tracking config if exists: C:\Users\Escatron\proyectoGit\_work\_PipelineMapping\SheilaCesur/proyectoGitHub\PipelineFolder.json
[2026-09-25 09:42:09Z INFO PipelineDirectoryManager] Creating a new tracking config file.
[2026-09-25 09:42:09Z INFO HostContext] Well known directory 'Bin': 'C:\Users\Escatron\proyectoGit\bin'
[2026-09-25 09:42:09Z INFO HostContext] Well known directory 'Root': 'C:\Users\Escatron\proyectoGit'
[2026-09-25 09:42:09Z INFO HostContext] Well known directory 'Work': 'C:\Users\Escatron\proyectoGit\_work'
[2026-09-25 09:42:09Z INFO PipelineDirectoryManager] Creating pipeline directory.
[2026-09-25 09:42:09Z INFO HostContext] Well known directory 'Bin': 'C:\Users\Escatron\proyectoGit\bin'
[2026-09-25 09:42:09Z INFO HostContext] Well known directory 'Root': 'C:\Users\Escatron\proyectoGit'
[2026-09-25 09:42:09Z INFO HostContext] Well known directory 'Work': 'C:\Users\Escatron\proyectoGit\_work'
[2026-09-25 09:42:09Z INFO PipelineDirectoryManager] Creating workspace directory.
[2026-09-25 09:42:09Z INFO HostContext] Well known directory 'Bin': 'C:\Users\Escatron\proyectoGit\bin'
[2026-09-25 09:42:09Z INFO HostContext] Well known directory 'Root': 'C:\Users\Escatron\proyectoGit'
[2026-09-25 09:42:09Z INFO HostContext] Well known directory 'Work': 'C:\Users\Escatron\proyectoGit\_work'
[2026-09-25 09:42:09Z INFO JobExtension] Downloading actions
[2026-09-25 09:42:09Z INFO HostContext] Well known directory 'Bin': 'C:\Users\Escatron\proyectoGit\bin'
[2026-09-25 09:42:09Z INFO HostContext] Well known directory 'Root': 'C:\Users\Escatron\proyectoGit'
[2026-09-25 09:42:09Z INFO HostContext] Well known directory 'Work': 'C:\Users\Escatron\proyectoGit\_work'
[2026-09-25 09:42:09Z INFO HostContext] Well known directory 'Actions': 'C:\Users\Escatron\proyectoGit\_work\_actions'
[2026-09-25 09:42:09Z INFO JobExtension] Adding .
[2026-09-25 09:42:09Z INFO HostContext] Well known directory 'Bin': 'C:\Users\Escatron\proyectoGit\bin'
[2026-09-25 09:42:09Z INFO HostContext] Well known directory 'Root': 'C:\Users\Escatron\proyectoGit'
[2026-09-25 09:42:09Z INFO HostContext] Well known directory 'Diag': 'C:\Users\Escatron\proyectoGit\_diag'
[2026-09-25 09:42:09Z INFO HostContext] Well known directory 'Bin': 'C:\Users\Escatron\proyectoGit\bin'
[2026-09-25 09:42:09Z INFO HostContext] Well known directory 'Root': 'C:\Users\Escatron\proyectoGit'
[2026-09-25 09:42:09Z INFO HostContext] Well known directory 'Diag': 'C:\Users\Escatron\proyectoGit\_diag'
[2026-09-25 09:42:09Z INFO JobExtension] Total accessible running process: 369.
[2026-09-25 09:42:09Z INFO HostContext] Well known directory 'Bin': 'C:\Users\Escatron\proyectoGit\bin'
[2026-09-25 09:42:09Z INFO HostContext] Well known directory 'Root': 'C:\Users\Escatron\proyectoGit'
[2026-09-25 09:42:09Z INFO HostContext] Well known directory 'Work': 'C:\Users\Escatron\proyectoGit\_work'
[2026-09-25 09:42:09Z INFO JobExtension] Start checking server connectivity.
[2026-09-25 09:42:09Z INFO JobExtension] Check server connectivity for https://broker.actions.githubusercontent.com/health.
[2026-09-25 09:42:09Z INFO JobExtension] Check server connectivity for https://token.actions.githubusercontent.com/ready.
[2026-09-25 09:42:09Z INFO JobExtension] Check server connectivity for https://run.actions.githubusercontent.com/health.
[2026-09-25 09:42:09Z INFO JobExtension] Start checking service connectivity in background.
[2026-09-25 09:42:09Z INFO ExecutionContext] Publish step telemetry for current step {
  "action": "setup_job",
  "type": "runner",
  "stage": "Pre",
  "stepId": "bdf16fb4-ac72-4bfc-acb0-ac3f64a717af",
  "result": "succeeded",
  "errorMessages": [],
  "executionTimeInSeconds": 1,
  "startTime": "2026-09-25T09:42:09.6042447Z",
  "finishTime": "2026-09-25T09:42:09.6458062Z"
}.
[2026-09-25 09:42:09Z INFO JobRunner] Total job steps: 1.
[2026-09-25 09:42:09Z INFO JobRunner] Run all job steps.
[2026-09-25 09:42:09Z INFO DapDebugger] DapDebugger initialized
[2026-09-25 09:42:09Z INFO StepsRunner] Processing step: DisplayName='Comparar DEV_TOKEN'
[2026-09-25 09:42:09Z INFO StepsRunner] Evaluating: success()
[2026-09-25 09:42:09Z INFO StepsRunner] Result: true
[2026-09-25 09:42:09Z INFO StepsRunner] Starting the step.
[2026-09-25 09:42:09Z INFO HostContext] Well known directory 'Bin': 'C:\Users\Escatron\proyectoGit\bin'
[2026-09-25 09:42:09Z INFO HostContext] Well known directory 'Root': 'C:\Users\Escatron\proyectoGit'
[2026-09-25 09:42:09Z INFO HostContext] Well known directory 'Work': 'C:\Users\Escatron\proyectoGit\_work'
[2026-09-25 09:42:09Z INFO StepsRunner] Which2: 'chcp'
[2026-09-25 09:42:09Z INFO StepsRunner] Location: 'C:\windows\system32\chcp.COM'
[2026-09-25 09:42:09Z INFO ProcessInvokerWrapper] Starting process:
[2026-09-25 09:42:09Z INFO ProcessInvokerWrapper]   File name: 'C:\windows\system32\chcp.COM'
[2026-09-25 09:42:09Z INFO ProcessInvokerWrapper]   Arguments: '65001'
[2026-09-25 09:42:09Z INFO ProcessInvokerWrapper]   Working directory: 'C:\Users\Escatron\proyectoGit\_work'
[2026-09-25 09:42:09Z INFO ProcessInvokerWrapper]   Require exit code zero: 'False'
[2026-09-25 09:42:09Z INFO ProcessInvokerWrapper]   Encoding web name:  ; code page: ''
[2026-09-25 09:42:09Z INFO ProcessInvokerWrapper]   Force kill process on cancellation: 'False'
[2026-09-25 09:42:09Z INFO ProcessInvokerWrapper]   Redirected STDIN: 'False'
[2026-09-25 09:42:09Z INFO ProcessInvokerWrapper]   Persist current code page: 'True'
[2026-09-25 09:42:09Z INFO ProcessInvokerWrapper]   Keep redirected STDIN open: 'False'
[2026-09-25 09:42:09Z INFO ProcessInvokerWrapper]   High priority process: 'False'
[2026-09-25 09:42:09Z INFO ProcessInvokerWrapper] Process started with process id 9796, waiting for process exit.
[2026-09-25 09:42:09Z INFO Worker] Listening for cancel message from the channel.
[2026-09-25 09:42:09Z INFO Worker] Waiting for the job to complete or for a cancel message from the channel.
[2026-09-25 09:42:09Z INFO ProcessInvokerWrapper] STDOUT/STDERR stream read finished.
[2026-09-25 09:42:09Z INFO ProcessInvokerWrapper] STDOUT/STDERR stream read finished.
[2026-09-25 09:42:09Z INFO ProcessInvokerWrapper] Finished process 9796 with exit code 0, and elapsed time 00:00:00.0099907.
[2026-09-25 09:42:09Z INFO StepsRunner] Successfully returned to code page 65001 (UTF8)
[2026-09-25 09:42:09Z INFO HostContext] Well known directory 'Bin': 'C:\Users\Escatron\proyectoGit\bin'
[2026-09-25 09:42:09Z INFO HostContext] Well known directory 'Root': 'C:\Users\Escatron\proyectoGit'
[2026-09-25 09:42:09Z INFO HostContext] Well known directory 'Work': 'C:\Users\Escatron\proyectoGit\_work'
[2026-09-25 09:42:09Z INFO HostContext] Well known directory 'Temp': 'C:\Users\Escatron\proyectoGit\_work\_temp'
[2026-09-25 09:42:09Z INFO ExecutionContext] Write event payload to C:\Users\Escatron\proyectoGit\_work\_temp\_github_workflow\event.json
[2026-09-25 09:42:09Z INFO HostContext] Well known directory 'Bin': 'C:\Users\Escatron\proyectoGit\bin'
[2026-09-25 09:42:09Z INFO HostContext] Well known directory 'Root': 'C:\Users\Escatron\proyectoGit'
[2026-09-25 09:42:09Z INFO HostContext] Well known directory 'Work': 'C:\Users\Escatron\proyectoGit\_work'
[2026-09-25 09:42:09Z INFO HostContext] Well known directory 'Temp': 'C:\Users\Escatron\proyectoGit\_work\_temp'
[2026-09-25 09:42:09Z INFO ExtensionManager] Getting extensions for interface: 'GitHub.Runner.Worker.IFileCommandExtension'
[2026-09-25 09:42:09Z INFO ExtensionManager] Creating instance: GitHub.Runner.Worker.AddPathFileCommand, Runner.Worker
[2026-09-25 09:42:09Z INFO ExtensionManager] Creating instance: GitHub.Runner.Worker.SetEnvFileCommand, Runner.Worker
[2026-09-25 09:42:09Z INFO ExtensionManager] Creating instance: GitHub.Runner.Worker.CreateStepSummaryCommand, Runner.Worker
[2026-09-25 09:42:09Z INFO ExtensionManager] Creating instance: GitHub.Runner.Worker.SaveStateFileCommand, Runner.Worker
[2026-09-25 09:42:09Z INFO ExtensionManager] Creating instance: GitHub.Runner.Worker.SetOutputFileCommand, Runner.Worker
[2026-09-25 09:42:09Z INFO ExtensionManager] Creating instance: GitHub.Runner.Worker.CreateArtifactsFileCommand, Runner.Worker
[2026-09-25 09:42:09Z INFO ExtensionManager] Creating instance: GitHub.Runner.Worker.ArtifactsListFileCommand, Runner.Worker
[2026-09-25 09:42:09Z INFO ExtensionManager] Getting extensions for interface: 'GitHub.Runner.Worker.IActionCommandExtension'
[2026-09-25 09:42:09Z INFO ExtensionManager] Creating instance: GitHub.Runner.Worker.InternalPluginSetRepoPathCommandExtension, Runner.Worker
[2026-09-25 09:42:09Z INFO ExtensionManager] Creating instance: GitHub.Runner.Worker.SetEnvCommandExtension, Runner.Worker
[2026-09-25 09:42:09Z INFO ExtensionManager] Creating instance: GitHub.Runner.Worker.SetOutputCommandExtension, Runner.Worker
[2026-09-25 09:42:09Z INFO ExtensionManager] Creating instance: GitHub.Runner.Worker.SaveStateCommandExtension, Runner.Worker
[2026-09-25 09:42:09Z INFO ExtensionManager] Creating instance: GitHub.Runner.Worker.AddPathCommandExtension, Runner.Worker
[2026-09-25 09:42:09Z INFO ExtensionManager] Creating instance: GitHub.Runner.Worker.AddMaskCommandExtension, Runner.Worker
[2026-09-25 09:42:09Z INFO ExtensionManager] Creating instance: GitHub.Runner.Worker.AddMatcherCommandExtension, Runner.Worker
[2026-09-25 09:42:09Z INFO ExtensionManager] Creating instance: GitHub.Runner.Worker.RemoveMatcherCommandExtension, Runner.Worker
[2026-09-25 09:42:09Z INFO ExtensionManager] Creating instance: GitHub.Runner.Worker.WarningCommandExtension, Runner.Worker
[2026-09-25 09:42:09Z INFO ExtensionManager] Creating instance: GitHub.Runner.Worker.ErrorCommandExtension, Runner.Worker
[2026-09-25 09:42:09Z INFO ExtensionManager] Creating instance: GitHub.Runner.Worker.NoticeCommandExtension, Runner.Worker
[2026-09-25 09:42:09Z INFO ExtensionManager] Creating instance: GitHub.Runner.Worker.DebugCommandExtension, Runner.Worker
[2026-09-25 09:42:09Z INFO ExtensionManager] Creating instance: GitHub.Runner.Worker.GroupCommandExtension, Runner.Worker
[2026-09-25 09:42:09Z INFO ExtensionManager] Creating instance: GitHub.Runner.Worker.EndGroupCommandExtension, Runner.Worker
[2026-09-25 09:42:09Z INFO ExtensionManager] Creating instance: GitHub.Runner.Worker.EchoCommandExtension, Runner.Worker
[2026-09-25 09:42:09Z INFO ActionCommandManager] Register action command extension for command internal-set-repo-path
[2026-09-25 09:42:09Z INFO ActionCommandManager] Register action command extension for command set-env
[2026-09-25 09:42:09Z INFO ActionCommandManager] Register action command extension for command set-output
[2026-09-25 09:42:09Z INFO ActionCommandManager] Register action command extension for command save-state
[2026-09-25 09:42:09Z INFO ActionCommandManager] Register action command extension for command add-path
[2026-09-25 09:42:09Z INFO ActionCommandManager] Register action command extension for command add-mask
[2026-09-25 09:42:09Z INFO ActionCommandManager] Register action command extension for command add-matcher
[2026-09-25 09:42:09Z INFO ActionCommandManager] Register action command extension for command remove-matcher
[2026-09-25 09:42:09Z INFO ActionCommandManager] Register action command extension for command warning
[2026-09-25 09:42:09Z INFO ActionCommandManager] Register action command extension for command error
[2026-09-25 09:42:09Z INFO ActionCommandManager] Register action command extension for command notice
[2026-09-25 09:42:09Z INFO ActionCommandManager] Register action command extension for command debug
[2026-09-25 09:42:09Z INFO ActionCommandManager] Register action command extension for command group
[2026-09-25 09:42:09Z INFO ActionCommandManager] Register action command extension for command endgroup
[2026-09-25 09:42:09Z INFO ActionCommandManager] Register action command extension for command echo
[2026-09-25 09:42:09Z INFO ScriptHandler] Which2: 'powershell'
[2026-09-25 09:42:09Z INFO ScriptHandler] Location: 'C:\windows\System32\WindowsPowerShell\v1.0\powershell.EXE'
[2026-09-25 09:42:09Z INFO HostContext] Well known directory 'Bin': 'C:\Users\Escatron\proyectoGit\bin'
[2026-09-25 09:42:09Z INFO HostContext] Well known directory 'Root': 'C:\Users\Escatron\proyectoGit'
[2026-09-25 09:42:09Z INFO HostContext] Well known directory 'Work': 'C:\Users\Escatron\proyectoGit\_work'
[2026-09-25 09:42:09Z INFO HostContext] Well known directory 'Temp': 'C:\Users\Escatron\proyectoGit\_work\_temp'
[2026-09-25 09:42:09Z INFO ScriptHandler] Which2: 'powershell'
[2026-09-25 09:42:09Z INFO ScriptHandler] Location: 'C:\windows\System32\WindowsPowerShell\v1.0\powershell.EXE'
[2026-09-25 09:42:09Z INFO ProcessInvokerWrapper] Starting process:
[2026-09-25 09:42:09Z INFO ProcessInvokerWrapper]   File name: 'C:\windows\System32\WindowsPowerShell\v1.0\powershell.EXE'
[2026-09-25 09:42:09Z INFO ProcessInvokerWrapper]   Arguments: '-command ". 'C:\Users\Escatron\proyectoGit\_work\_temp\6f748341-6324-4408-adb1-e017e595a23d.ps1'"'
[2026-09-25 09:42:09Z INFO ProcessInvokerWrapper]   Working directory: 'C:\Users\Escatron\proyectoGit\_work\proyectoGitHub\proyectoGitHub'
[2026-09-25 09:42:09Z INFO ProcessInvokerWrapper]   Require exit code zero: 'False'
[2026-09-25 09:42:09Z INFO ProcessInvokerWrapper]   Encoding web name:  ; code page: ''
[2026-09-25 09:42:09Z INFO ProcessInvokerWrapper]   Force kill process on cancellation: 'False'
[2026-09-25 09:42:09Z INFO ProcessInvokerWrapper]   Redirected STDIN: 'False'
[2026-09-25 09:42:09Z INFO ProcessInvokerWrapper]   Persist current code page: 'True'
[2026-09-25 09:42:09Z INFO ProcessInvokerWrapper]   Keep redirected STDIN open: 'False'
[2026-09-25 09:42:09Z INFO ProcessInvokerWrapper]   High priority process: 'False'
[2026-09-25 09:42:09Z INFO ProcessInvokerWrapper] Process started with process id 8512, waiting for process exit.
[2026-09-25 09:42:09Z INFO ProcessInvokerWrapper] STDOUT/STDERR stream read finished.
[2026-09-25 09:42:09Z INFO ProcessInvokerWrapper] STDOUT/STDERR stream read finished.
[2026-09-25 09:42:09Z INFO ProcessInvokerWrapper] Finished process 8512 with exit code 1, and elapsed time 00:00:00.1841062.
[2026-09-25 09:42:09Z INFO CreateStepSummaryCommand] Step Summary file (C:\Users\Escatron\proyectoGit\_work\_temp\_runner_file_commands\step_summary_d8ee4680-0358-42b2-9f1a-6bb775bd7954) is empty; skipping attachment upload
[2026-09-25 09:42:09Z INFO StepsRunner] Step result: Failed
[2026-09-25 09:42:09Z INFO ExecutionContext] Publish step telemetry for current step {
  "action": "powershell",
  "type": "run",
  "stage": "Main",
  "stepId": "6c5c513b-fc45-4bf1-902f-67870c608eea",
  "stepContextName": "__run",
  "result": "failed",
  "errorMessages": [
    "Process completed with exit code 1."
  ],
  "executionTimeInSeconds": 1,
  "startTime": "2026-09-25T09:42:09.651711Z",
  "finishTime": "2026-09-25T09:42:09.8864325Z"
}.
[2026-09-25 09:42:09Z INFO StepsRunner] Update job result with current step result 'Failed'.
[2026-09-25 09:42:09Z INFO StepsRunner] Current state: job state = 'Failed'
[2026-09-25 09:42:09Z INFO JobRunner] Finalize job.
[2026-09-25 09:42:09Z INFO HostContext] Well known directory 'Bin': 'C:\Users\Escatron\proyectoGit\bin'
[2026-09-25 09:42:09Z INFO HostContext] Well known directory 'Root': 'C:\Users\Escatron\proyectoGit'
[2026-09-25 09:42:09Z INFO HostContext] Well known directory 'Diag': 'C:\Users\Escatron\proyectoGit\_diag'
[2026-09-25 09:42:09Z INFO HostContext] Well known directory 'Bin': 'C:\Users\Escatron\proyectoGit\bin'
[2026-09-25 09:42:09Z INFO HostContext] Well known directory 'Root': 'C:\Users\Escatron\proyectoGit'
[2026-09-25 09:42:09Z INFO HostContext] Well known directory 'Diag': 'C:\Users\Escatron\proyectoGit\_diag'
[2026-09-25 09:42:09Z INFO JobExtension] Initialize Env context
[2026-09-25 09:42:09Z INFO JobExtension] Initialize steps context
[2026-09-25 09:42:09Z INFO JobExtension] Total accessible running process: 369.
[2026-09-25 09:42:09Z INFO JobExtension] Wait for all connectivity checks to finish.
[2026-09-25 09:42:09Z INFO JobExtension] Connectivity check result: {
  "endpointUrl": "https://broker.actions.githubusercontent.com/health",
  "endpointIPs": null,
  "startTime": "2026-09-25T09:42:09.6407831Z",
  "statusCode": "http_OK",
  "requestId": "D258:2F1A1F:1029416:10BE35A:6AB641F0",
  "httpRequestDurationInMs": 288,
  "dnsResolutionDurationInMs": 0,
  "dnsError": null
}
[2026-09-25 09:42:09Z INFO JobExtension] Connectivity check result: {
  "endpointUrl": "https://token.actions.githubusercontent.com/ready",
  "endpointIPs": null,
  "startTime": "2026-09-25T09:42:09.6442254Z",
  "statusCode": "http_NoContent",
  "requestId": "D259:3EEEAE:716808:8A80CE:6AB641F0",
  "httpRequestDurationInMs": 336,
  "dnsResolutionDurationInMs": 0,
  "dnsError": null
}
[2026-09-25 09:42:09Z INFO JobExtension] Connectivity check result: {
  "endpointUrl": "https://run.actions.githubusercontent.com/health",
  "endpointIPs": null,
  "startTime": "2026-09-25T09:42:09.6443436Z",
  "statusCode": "http_OK",
  "requestId": "D25A:36F467:1019C78:10AEB03:6AB641F0",
  "httpRequestDurationInMs": 285,
  "dnsResolutionDurationInMs": 0,
  "dnsError": null
}
[2026-09-25 09:42:09Z INFO ExecutionContext] Publish step telemetry for current step {
  "action": "complete_job",
  "type": "runner",
  "stage": "Post",
  "stepId": "83a4e956-8329-434a-ae9a-05212735d5a1",
  "result": "succeeded",
  "errorMessages": [],
  "executionTimeInSeconds": 1,
  "startTime": "2026-09-25T09:42:09.8914167Z",
  "finishTime": "2026-09-25T09:42:09.9825875Z"
}.
[2026-09-25 09:42:09Z INFO JobRunner] Job result after all job steps finish: Failed
[2026-09-25 09:42:09Z INFO JobRunner] Completing the job execution context.
[2026-09-25 09:42:09Z INFO JobRunner] Shutting down the job server queue.
[2026-09-25 09:42:09Z INFO JobServerQueue] Fire signal to shutdown all queues.
[2026-09-25 09:42:09Z INFO ResultServer] Successfully started websocket client.
[2026-09-25 09:42:09Z INFO JobServerQueue] Try to append 1 batches web console lines for record 'bdf16fb4-ac72-4bfc-acb0-ac3f64a717af', success rate: 1/1.
[2026-09-25 09:42:09Z INFO JobServerQueue] Try to append 1 batches web console lines for record '6c5c513b-fc45-4bf1-902f-67870c608eea', success rate: 1/1.
[2026-09-25 09:42:10Z INFO JobServerQueue] All queue process task stopped.
[2026-09-25 09:42:10Z INFO JobServerQueue] Try to append 1 batches web console lines for record '6c5c513b-fc45-4bf1-902f-67870c608eea', success rate: 1/1.
[2026-09-25 09:42:10Z INFO JobServerQueue] Try to append 1 batches web console lines for record '83a4e956-8329-434a-ae9a-05212735d5a1', success rate: 1/1.
[2026-09-25 09:42:10Z INFO JobServerQueue] Web console line queue drained.
[2026-09-25 09:42:10Z INFO JobServerQueue] Uploading 4 files in one shot.
[2026-09-25 09:42:10Z INFO JobServerQueue] Try to upload 4 log files or attachments, success rate: 4/4.
[2026-09-25 09:42:10Z INFO JobServerQueue] File upload queue drained.
[2026-09-25 09:42:10Z INFO JobServerQueue] Starting results-based upload queue...
[2026-09-25 09:42:10Z INFO JobServerQueue] Uploading 4 file(s) in one shot through results service.
[2026-09-25 09:42:10Z INFO JobServerQueue] Got a step log file to send to results service.
[2026-09-25 09:42:10Z INFO JobServerQueue] Starting upload of step log file to results service ResultsLog, C:\Users\Escatron\proyectoGit\_diag\blocks\1ca31f88-cd65-4de5-b54a-9b96eeede8af_bdf16fb4-ac72-4bfc-acb0-ac3f64a717af.1
[2026-09-25 09:42:11Z INFO JobServerQueue] Got a step log file to send to results service.
[2026-09-25 09:42:11Z INFO JobServerQueue] Starting upload of step log file to results service ResultsLog, C:\Users\Escatron\proyectoGit\_diag\blocks\1ca31f88-cd65-4de5-b54a-9b96eeede8af_6c5c513b-fc45-4bf1-902f-67870c608eea.1
[2026-09-25 09:42:11Z INFO JobServerQueue] Got a step log file to send to results service.
[2026-09-25 09:42:11Z INFO JobServerQueue] Starting upload of step log file to results service ResultsLog, C:\Users\Escatron\proyectoGit\_diag\blocks\1ca31f88-cd65-4de5-b54a-9b96eeede8af_83a4e956-8329-434a-ae9a-05212735d5a1.1
[2026-09-25 09:42:12Z INFO JobServerQueue] Got a job log file to send to results service.
[2026-09-25 09:42:12Z INFO JobServerQueue] Starting upload of job log file to results service ResultsLog, C:\Users\Escatron\proyectoGit\_diag\blocks\1ca31f88-cd65-4de5-b54a-9b96eeede8af_916f509b-2c0e-56ed-b17b-954191681240.1
[2026-09-25 09:42:12Z INFO JobServerQueue] Tried to upload 4 file(s) to results, success rate: 4/4.
[2026-09-25 09:42:12Z INFO JobServerQueue] Results upload queue drained.
[2026-09-25 09:42:12Z INFO JobServerQueue] Job timeline record has been updated for the first time.
[2026-09-25 09:42:12Z INFO JobServerQueue] Timeline update queue drained.
[2026-09-25 09:42:12Z INFO JobServerQueue] Disposing job server ...
[2026-09-25 09:42:12Z INFO JobServerQueue] Disposing results server ...
[2026-09-25 09:42:12Z INFO JobServerQueue] All queue process tasks have been stopped, and all queues are drained.
[2026-09-25 09:42:12Z INFO TempDirectoryManager] Cleaning runner temp folder: C:\Users\Escatron\proyectoGit\_work\_temp
[2026-09-25 09:42:12Z INFO HostContext] Well known directory 'Bin': 'C:\Users\Escatron\proyectoGit\bin'
[2026-09-25 09:42:12Z INFO HostContext] Well known directory 'Root': 'C:\Users\Escatron\proyectoGit'
[2026-09-25 09:42:12Z INFO HostContext] Well known directory 'Diag': 'C:\Users\Escatron\proyectoGit\_diag'
[2026-09-25 09:42:12Z INFO HostContext] Well known config file 'Telemetry': 'C:\Users\Escatron\proyectoGit\_diag\.telemetry'
[2026-09-25 09:42:12Z INFO JobRunner] Raising job completed against run service
[2026-09-25 09:42:13Z INFO Worker] Job completed.
